Archive member included to satisfy reference by file (symbol)

C:/ST/STM32CubeIDE_1.19.0/STM32CubeIDE/plugins/com.st.stm32cube.ide.mcu.externaltools.gnu-tools-for-stm32.13.3.rel1.win32_1.0.0.202411081344/tools/bin/../lib/gcc/arm-none-eabi/13.3.1/../../../../arm-none-eabi/lib/thumb/v7e-m+dp/hard\libc_nano.a(libc_a-exit.o)
                              C:/ST/STM32CubeIDE_1.19.0/STM32CubeIDE/plugins/com.st.stm32cube.ide.mcu.externaltools.gnu-tools-for-stm32.13.3.rel1.win32_1.0.0.202411081344/tools/bin/../lib/gcc/arm-none-eabi/13.3.1/../../../../arm-none-eabi/lib/thumb/v7e-m+dp/hard/crt0.o (exit)
C:/ST/STM32CubeIDE_1.19.0/STM32CubeIDE/plugins/com.st.stm32cube.ide.mcu.externaltools.gnu-tools-for-stm32.13.3.rel1.win32_1.0.0.202411081344/tools/bin/../lib/gcc/arm-none-eabi/13.3.1/../../../../arm-none-eabi/lib/thumb/v7e-m+dp/hard\libc_nano.a(libc_a-findfp.o)
                              C:/ST/STM32CubeIDE_1.19.0/STM32CubeIDE/plugins/com.st.stm32cube.ide.mcu.externaltools.gnu-tools-for-stm32.13.3.rel1.win32_1.0.0.202411081344/tools/bin/../lib/gcc/arm-none-eabi/13.3.1/../../../../arm-none-eabi/lib/thumb/v7e-m+dp/hard\libc_nano.a(libc_a-exit.o) (__stdio_exit_handler)
C:/ST/STM32CubeIDE_1.19.0/STM32CubeIDE/plugins/com.st.stm32cube.ide.mcu.externaltools.gnu-tools-for-stm32.13.3.rel1.win32_1.0.0.202411081344/tools/bin/../lib/gcc/arm-none-eabi/13.3.1/../../../../arm-none-eabi/lib/thumb/v7e-m+dp/hard\libc_nano.a(libc_a-fwalk.o)
                              C:/ST/STM32CubeIDE_1.19.0/STM32CubeIDE/plugins/com.st.stm32cube.ide.mcu.externaltools.gnu-tools-for-stm32.13.3.rel1.win32_1.0.0.202411081344/tools/bin/../lib/gcc/arm-none-eabi/13.3.1/../../../../arm-none-eabi/lib/thumb/v7e-m+dp/hard\libc_nano.a(libc_a-findfp.o) (_fwalk_sglue)
C:/ST/STM32CubeIDE_1.19.0/STM32CubeIDE/plugins/com.st.stm32cube.ide.mcu.externaltools.gnu-tools-for-stm32.13.3.rel1.win32_1.0.0.202411081344/tools/bin/../lib/gcc/arm-none-eabi/13.3.1/../../../../arm-none-eabi/lib/thumb/v7e-m+dp/hard\libc_nano.a(libc_a-stdio.o)
                              C:/ST/STM32CubeIDE_1.19.0/STM32CubeIDE/plugins/com.st.stm32cube.ide.mcu.externaltools.gnu-tools-for-stm32.13.3.rel1.win32_1.0.0.202411081344/tools/bin/../lib/gcc/arm-none-eabi/13.3.1/../../../../arm-none-eabi/lib/thumb/v7e-m+dp/hard\libc_nano.a(libc_a-findfp.o) (__sread)
C:/ST/STM32CubeIDE_1.19.0/STM32CubeIDE/plugins/com.st.stm32cube.ide.mcu.externaltools.gnu-tools-for-stm32.13.3.rel1.win32_1.0.0.202411081344/tools/bin/../lib/gcc/arm-none-eabi/13.3.1/../../../../arm-none-eabi/lib/thumb/v7e-m+dp/hard\libc_nano.a(libc_a-memcmp.o)
                              ./Core/Src/main.o (memcmp)
C:/ST/STM32CubeIDE_1.19.0/STM32CubeIDE/plugins/com.st.stm32cube.ide.mcu.externaltools.gnu-tools-for-stm32.13.3.rel1.win32_1.0.0.202411081344/tools/bin/../lib/gcc/arm-none-eabi/13.3.1/../../../../arm-none-eabi/lib/thumb/v7e-m+dp/hard\libc_nano.a(libc_a-memset.o)
                              C:/ST/STM32CubeIDE_1.19.0/STM32CubeIDE/plugins/com.st.stm32cube.ide.mcu.externaltools.gnu-tools-for-stm32.13.3.rel1.win32_1.0.0.202411081344/tools/bin/../lib/gcc/arm-none-eabi/13.3.1/../../../../arm-none-eabi/lib/thumb/v7e-m+dp/hard/crt0.o (memset)
C:/ST/STM32CubeIDE_1.19.0/STM32CubeIDE/plugins/com.st.stm32cube.ide.mcu.externaltools.gnu-tools-for-stm32.13.3.rel1.win32_1.0.0.202411081344/tools/bin/../lib/gcc/arm-none-eabi/13.3.1/../../../../arm-none-eabi/lib/thumb/v7e-m+dp/hard\libc_nano.a(libc_a-closer.o)
                              C:/ST/STM32CubeIDE_1.19.0/STM32CubeIDE/plugins/com.st.stm32cube.ide.mcu.externaltools.gnu-tools-for-stm32.13.3.rel1.win32_1.0.0.202411081344/tools/bin/../lib/gcc/arm-none-eabi/13.3.1/../../../../arm-none-eabi/lib/thumb/v7e-m+dp/hard\libc_nano.a(libc_a-stdio.o) (_close_r)
C:/ST/STM32CubeIDE_1.19.0/STM32CubeIDE/plugins/com.st.stm32cube.ide.mcu.externaltools.gnu-tools-for-stm32.13.3.rel1.win32_1.0.0.202411081344/tools/bin/../lib/gcc/arm-none-eabi/13.3.1/../../../../arm-none-eabi/lib/thumb/v7e-m+dp/hard\libc_nano.a(libc_a-reent.o)
                              C:/ST/STM32CubeIDE_1.19.0/STM32CubeIDE/plugins/com.st.stm32cube.ide.mcu.externaltools.gnu-tools-for-stm32.13.3.rel1.win32_1.0.0.202411081344/tools/bin/../lib/gcc/arm-none-eabi/13.3.1/../../../../arm-none-eabi/lib/thumb/v7e-m+dp/hard\libc_nano.a(libc_a-closer.o) (errno)
C:/ST/STM32CubeIDE_1.19.0/STM32CubeIDE/plugins/com.st.stm32cube.ide.mcu.externaltools.gnu-tools-for-stm32.13.3.rel1.win32_1.0.0.202411081344/tools/bin/../lib/gcc/arm-none-eabi/13.3.1/../../../../arm-none-eabi/lib/thumb/v7e-m+dp/hard\libc_nano.a(libc_a-impure.o)
                              C:/ST/STM32CubeIDE_1.19.0/STM32CubeIDE/plugins/com.st.stm32cube.ide.mcu.externaltools.gnu-tools-for-stm32.13.3.rel1.win32_1.0.0.202411081344/tools/bin/../lib/gcc/arm-none-eabi/13.3.1/../../../../arm-none-eabi/lib/thumb/v7e-m+dp/hard\libc_nano.a(libc_a-reent.o) (_impure_ptr)
[...]
Memory Configuration

Name             Origin             Length             Attributes
FLASH            0x08000000         0x00200000         xr
DTCMRAM          0x20000000         0x00020000         xrw
RAM_D1           0x24000000         0x00080000         xrw
RAM_D2           0x30000000         0x00048000         xrw
RAM_D3           0x38000000         0x00010000         xrw
ITCMRAM          0x00000000         0x00010000         xrw
*default*        0x00000000         0xffffffff

Linker script and memory map

LOAD C:/ST/STM32CubeIDE_1.19.0/STM32CubeIDE/plugins/com.st.stm32cube.ide.mcu.externaltools.gnu-tools-for-stm32.13.3.rel1.win32_1.0.0.202411081344/tools/bin/../lib/gcc/arm-none-eabi/13.3.1/thumb/v7e-m+dp/hard/crti.o
LOAD C:/ST/STM32CubeIDE_1.19.0/STM32CubeIDE/plugins/com.st.stm32cube.ide.mcu.externaltools.gnu-tools-for-stm32.13.3.rel1.win32_1.0.0.202411081344/tools/bin/../lib/gcc/arm-none-eabi/13.3.1/thumb/v7e-m+dp/hard/crtbegin.o
LOAD C:/ST/STM32CubeIDE_1.19.0/STM32CubeIDE/plugins/com.st.stm32cube.ide.mcu.externaltools.gnu-tools-for-stm32.13.3.rel1.win32_1.0.0.202411081344/tools/bin/../lib/gcc/arm-none-eabi/13.3.1/../../../../arm-none-eabi/lib/thumb/v7e-m+dp/hard/crt0.o
LOAD ./Core/Src/Dev_Inf.o
LOAD ./Core/Src/Loader_Src.o
LOAD ./Core/Src/gpio.o
LOAD ./Core/Src/main.o
LOAD ./Core/Src/quadspi.o
LOAD ./Core/Src/stm32h7xx_hal_msp.o
LOAD ./Core/Src/stm32h7xx_it.o
LOAD ./Core/Src/syscalls.o
LOAD ./Core/Src/sysmem.o
LOAD ./Core/Src/system_stm32h7xx.o
LOAD ./Core/Startup/startup_stm32h743zitx.o
LOAD ./Drivers/BSP/STM32H7xx_Nucleo/stm32h7xx_nucleo.o
LOAD ./Drivers/STM32H7xx_HAL_Driver/Src/stm32h7xx_hal.o
LOAD ./Drivers/STM32H7xx_HAL_Driver/Src/stm32h7xx_hal_cortex.o
LOAD ./Drivers/STM32H7xx_HAL_Driver/Src/stm32h7xx_hal_dma.o
LOAD ./Drivers/STM32H7xx_HAL_Driver/Src/stm32h7xx_hal_dma_ex.o
LOAD ./Drivers/STM32H7xx_HAL_Driver/Src/stm32h7xx_hal_exti.o
LOAD ./Drivers/STM32H7xx_HAL_Driver/Src/stm32h7xx_hal_flash.o
LOAD ./Drivers/STM32H7xx_HAL_Driver/Src/stm32h7xx_hal_flash_ex.o
LOAD ./Drivers/STM32H7xx_HAL_Driver/Src/stm32h7xx_hal_gpio.o
LOAD ./Drivers/STM32H7xx_HAL_Driver/Src/stm32h7xx_hal_hsem.o
LOAD ./Drivers/STM32H7xx_HAL_Driver/Src/stm32h7xx_hal_i2c.o
LOAD ./Drivers/STM32H7xx_HAL_Driver/Src/stm32h7xx_hal_i2c_ex.o
LOAD ./Drivers/STM32H7xx_HAL_Driver/Src/stm32h7xx_hal_mdma.o
LOAD ./Drivers/STM32H7xx_HAL_Driver/Src/stm32h7xx_hal_pwr.o
LOAD ./Drivers/STM32H7xx_HAL_Driver/Src/stm32h7xx_hal_pwr_ex.o
LOAD ./Drivers/STM32H7xx_HAL_Driver/Src/stm32h7xx_hal_qspi.o
LOAD ./Drivers/STM32H7xx_HAL_Driver/Src/stm32h7xx_hal_rcc.o
LOAD ./Drivers/STM32H7xx_HAL_Driver/Src/stm32h7xx_hal_rcc_ex.o
LOAD ./Drivers/STM32H7xx_HAL_Driver/Src/stm32h7xx_hal_tim.o
LOAD ./Drivers/STM32H7xx_HAL_Driver/Src/stm32h7xx_hal_tim_ex.o
LOAD ./Drivers/STM32H7xx_HAL_Driver/Src/stm32h7xx_hal_uart.o
LOAD ./Drivers/STM32H7xx_HAL_Driver/Src/stm32h7xx_hal_uart_ex.o
LOAD ./Drivers/STM32H7xx_HAL_Driver/Src/stm32h7xx_hal_usart.o
LOAD ./Drivers/STM32H7xx_HAL_Driver/Src/stm32h7xx_hal_usart_ex.o
LOAD ./Drivers/STM32H7xx_HAL_Driver/Src/stm32h7xx_ll_delayblock.o
START GROUP
LOAD C:/ST/STM32CubeIDE_1.19.0/STM32CubeIDE/plugins/com.st.stm32cube.ide.mcu.externaltools.gnu-tools-for-stm32.13.3.rel1.win32_1.0.0.202411081344/tools/bin/../lib/gcc/arm-none-eabi/13.3.1/../../../../arm-none-eabi/lib/thumb/v7e-m+dp/hard\libc_nano.a
LOAD C:/ST/STM32CubeIDE_1.19.0/STM32CubeIDE/plugins/com.st.stm32cube.ide.mcu.externaltools.gnu-tools-for-stm32.13.3.rel1.win32_1.0.0.202411081344/tools/bin/../lib/gcc/arm-none-eabi/13.3.1/../../../../arm-none-eabi/lib/thumb/v7e-m+dp/hard\libm.a
END GROUP
START GROUP
LOAD C:/ST/STM32CubeIDE_1.19.0/STM32CubeIDE/plugins/com.st.stm32cube.ide.mcu.externaltools.gnu-tools-for-stm32.13.3.rel1.win32_1.0.0.202411081344/tools/bin/../lib/gcc/arm-none-eabi/13.3.1/thumb/v7e-m+dp/hard\libgcc.a
LOAD C:/ST/STM32CubeIDE_1.19.0/STM32CubeIDE/plugins/com.st.stm32cube.ide.mcu.externaltools.gnu-tools-for-stm32.13.3.rel1.win32_1.0.0.202411081344/tools/bin/../lib/gcc/arm-none-eabi/13.3.1/../../../../arm-none-eabi/lib/thumb/v7e-m+dp/hard\libc_nano.a
END GROUP
START GROUP
LOAD C:/ST/STM32CubeIDE_1.19.0/STM32CubeIDE/plugins/com.st.stm32cube.ide.mcu.externaltools.gnu-tools-for-stm32.13.3.rel1.win32_1.0.0.202411081344/tools/bin/../lib/gcc/arm-none-eabi/13.3.1/thumb/v7e-m+dp/hard\libgcc.a
LOAD C:/ST/STM32CubeIDE_1.19.0/STM32CubeIDE/plugins/com.st.stm32cube.ide.mcu.externaltools.gnu-tools-for-stm32.13.3.rel1.win32_1.0.0.202411081344/tools/bin/../lib/gcc/arm-none-eabi/13.3.1/../../../../arm-none-eabi/lib/thumb/v7e-m+dp/hard\libc_nano.a
LOAD C:/ST/STM32CubeIDE_1.19.0/STM32CubeIDE/plugins/com.st.stm32cube.ide.mcu.externaltools.gnu-tools-for-stm32.13.3.rel1.win32_1.0.0.202411081344/tools/bin/../lib/gcc/arm-none-eabi/13.3.1/../../../../arm-none-eabi/lib/thumb/v7e-m+dp/hard\libnosys.a
END GROUP
START GROUP
LOAD C:/ST/STM32CubeIDE_1.19.0/STM32CubeIDE/plugins/com.st.stm32cube.ide.mcu.externaltools.gnu-tools-for-stm32.13.3.rel1.win32_1.0.0.202411081344/tools/bin/../lib/gcc/arm-none-eabi/13.3.1/thumb/v7e-m+dp/hard\libgcc.a
LOAD C:/ST/STM32CubeIDE_1.19.0/STM32CubeIDE/plugins/com.st.stm32cube.ide.mcu.externaltools.gnu-tools-for-stm32.13.3.rel1.win32_1.0.0.202411081344/tools/bin/../lib/gcc/arm-none-eabi/13.3.1/../../../../arm-none-eabi/lib/thumb/v7e-m+dp/hard\libc_nano.a
LOAD C:/ST/STM32CubeIDE_1.19.0/STM32CubeIDE/plugins/com.st.stm32cube.ide.mcu.externaltools.gnu-tools-for-stm32.13.3.rel1.win32_1.0.0.202411081344/tools/bin/../lib/gcc/arm-none-eabi/13.3.1/../../../../arm-none-eabi/lib/thumb/v7e-m+dp/hard\libnosys.a
END GROUP
LOAD C:/ST/STM32CubeIDE_1.19.0/STM32CubeIDE/plugins/com.st.stm32cube.ide.mcu.externaltools.gnu-tools-for-stm32.13.3.rel1.win32_1.0.0.202411081344/tools/bin/../lib/gcc/arm-none-eabi/13.3.1/thumb/v7e-m+dp/hard/crtend.o
LOAD C:/ST/STM32CubeIDE_1.19.0/STM32CubeIDE/plugins/com.st.stm32cube.ide.mcu.externaltools.gnu-tools-for-stm32.13.3.rel1.win32_1.0.0.202411081344/tools/bin/../lib/gcc/arm-none-eabi/13.3.1/thumb/v7e-m+dp/hard/crtn.o
                0x24080000                        _estack = (ORIGIN (RAM_D1) + LENGTH (RAM_D1))
                0x00000200                        _Min_Heap_Size = 0x200
                0x00000400                        _Min_Stack_Size = 0x400

.isr_vector     0x08000000      0x298
                0x08000000                        . = ALIGN (0x4)
 *(.isr_vector)
 .isr_vector    0x08000000      0x298 ./Core/Startup/startup_stm32h743zitx.o
                0x08000000                g_pfnVectors
                0x08000298                        . = ALIGN (0x4)

.text           0x08000298    0x1f950
                0x08000298                        . = ALIGN (0x4)
 *(.text)
 .text          0x08000298        0x0 C:/ST/STM32CubeIDE_1.19.0/STM32CubeIDE/plugins/com.st.stm32cube.ide.mcu.externaltools.gnu-tools-for-stm32.13.3.rel1.win32_1.0.0.202411081344/tools/bin/../lib/gcc/arm-none-eabi/13.3.1/thumb/v7e-m+dp/hard/crti.o
 .text          0x08000298       0x40 C:/ST/STM32CubeIDE_1.19.0/STM32CubeIDE/plugins/com.st.stm32cube.ide.mcu.externaltools.gnu-tools-for-stm32.13.3.rel1.win32_1.0.0.202411081344/tools/bin/../lib/gcc/arm-none-eabi/13.3.1/thumb/v7e-m+dp/hard/crtbegin.o
 .text          0x080002d8       0x7c C:/ST/STM32CubeIDE_1.19.0/STM32CubeIDE/plugins/com.st.stm32cube.ide.mcu.externaltools.gnu-tools-for-stm32.13.3.rel1.win32_1.0.0.202411081344/tools/bin/../lib/gcc/arm-none-eabi/13.3.1/../../../../arm-none-eabi/lib/thumb/v7e-m+dp/hard/crt0.o
                0x080002d8                _stack_init
                0x080002e0                _start
                0x080002e0                _mainCRTStartup
 .text          0x08000354        0x0 ./Core/Src/Dev_Inf.o
 .text          0x08000354        0x0 ./Core/Src/Loader_Src.o
 .text          0x08000354        0x0 ./Core/Src/gpio.o
 .text          0x08000354        0x0 ./Core/Src/main.o
 .text          0x08000354        0x0 ./Core/Src/quadspi.o
 .text          0x08000354        0x0 ./Core/Src/stm32h7xx_hal_msp.o
 .text          0x08000354        0x0 ./Core/Src/stm32h7xx_it.o
 .text          0x08000354        0x0 ./Core/Src/syscalls.o
 .text          0x08000354        0x0 ./Core/Src/sysmem.o
 .text          0x08000354        0x0 ./Core/Src/system_stm32h7xx.o
 .text          0x08000354       0x14 ./Core/Startup/startup_stm32h743zitx.o
 .text          0x08000368        0x0 ./Drivers/BSP/STM32H7xx_Nucleo/stm32h7xx_nucleo.o
 .text          0x08000368        0x0 ./Drivers/STM32H7xx_HAL_Driver/Src/stm32h7xx_hal.o
 .text          0x08000368        0x0 ./Drivers/STM32H7xx_HAL_Driver/Src/stm32h7xx_hal_cortex.o
 .text          0x08000368        0x0 ./Drivers/STM32H7xx_HAL_Driver/Src/stm32h7xx_hal_dma.o
 .text          0x08000368        0x0 ./Drivers/STM32H7xx_HAL_Driver/Src/stm32h7xx_hal_dma_ex.o
 .text          0x08000368        0x0 ./Drivers/STM32H7xx_HAL_Driver/Src/stm32h7xx_hal_exti.o
 .text          0x08000368        0x0 ./Drivers/STM32H7xx_HAL_Driver/Src/stm32h7xx_hal_flash.o
 .text          0x08000368        0x0 ./Drivers/STM32H7xx_HAL_Driver/Src/stm32h7xx_hal_flash_ex.o
 .text          0x08000368        0x0 ./Drivers/STM32H7xx_HAL_Driver/Src/stm32h7xx_hal_gpio.o
 .text          0x08000368        0x0 ./Drivers/STM32H7xx_HAL_Driver/Src/stm32h7xx_hal_hsem.o
 .text          0x08000368        0x0 ./Drivers/STM32H7xx_HAL_Driver/Src/stm32h7xx_hal_i2c.o
 .text          0x08000368        0x0 ./Drivers/STM32H7xx_HAL_Driver/Src/stm32h7xx_hal_i2c_ex.o
 .text          0x08000368        0x0 ./Drivers/STM32H7xx_HAL_Driver/Src/stm32h7xx_hal_mdma.o
 .text          0x08000368        0x0 ./Drivers/STM32H7xx_HAL_Driver/Src/stm32h7xx_hal_pwr.o
 .text          0x08000368        0x0 ./Drivers/STM32H7xx_HAL_Driver/Src/stm32h7xx_hal_pwr_ex.o
 .text          0x08000368        0x0 ./Drivers/STM32H7xx_HAL_Driver/Src/stm32h7xx_hal_qspi.o
 .text          0x08000368        0x0 ./Drivers/STM32H7xx_HAL_Driver/Src/stm32h7xx_hal_rcc.o
 .text          0x08000368        0x0 ./Drivers/STM32H7xx_HAL_Driver/Src/stm32h7xx_hal_rcc_ex.o
 .text          0x08000368        0x0 ./Drivers/STM32H7xx_HAL_Driver/Src/stm32h7xx_hal_tim.o
 .text          0x08000368        0x0 ./Drivers/STM32H7xx_HAL_Driver/Src/stm32h7xx_hal_tim_ex.o
 .text          0x08000368        0x0 ./Drivers/STM32H7xx_HAL_Driver/Src/stm32h7xx_hal_uart.o
 .text          0x08000368        0x0 ./Drivers/STM32H7xx_HAL_Driver/Src/stm32h7xx_hal_uart_ex.o
 .text          0x08000368        0x0 ./Drivers/STM32H7xx_HAL_Driver/Src/stm32h7xx_hal_usart.o
 .text          0x08000368        0x0 ./Drivers/STM32H7xx_HAL_Driver/Src/stm32h7xx_hal_usart_ex.o
 .text          0x08000368        0x0 ./Drivers/STM32H7xx_HAL_Driver/Src/stm32h7xx_ll_delayblock.o
 .text          0x08000368        0x0 C:/ST/STM32CubeIDE_1.19.0/STM32CubeIDE/plugins/com.st.stm32cube.ide.mcu.externaltools.gnu-tools-for-stm32.13.3.rel1.win32_1.0.0.202411081344/tools/bin/../lib/gcc/arm-none-eabi/13.3.1/../../../../arm-none-eabi/lib/thumb/v7e-m+dp/hard\libc_nano.a(libc_a-exit.o)
 .text          0x08000368        0x0 C:/ST/STM32CubeIDE_1.19.0/STM32CubeIDE/plugins/com.st.stm32cube.ide.mcu.externaltools.gnu-tools-for-stm32.13.3.rel1.win32_1.0.0.202411081344/tools/bin/../lib/gcc/arm-none-eabi/13.3.1/../../../../arm-none-eabi/lib/thumb/v7e-m+dp/hard\libc_nano.a(libc_a-findfp.o)
 .text          0x08000368        0x0 C:/ST/STM32CubeIDE_1.19.0/STM32CubeIDE/plugins/com.st.stm32cube.ide.mcu.externaltools.gnu-tools-for-stm32.13.3.rel1.win32_1.0.0.202411081344/tools/bin/../lib/gcc/arm-none-eabi/13.3.1/../../../../arm-none-eabi/lib/thumb/v7e-m+dp/hard\libc_nano.a(libc_a-fwalk.o)
 .text          0x08000368        0x0 C:/ST/STM32CubeIDE_1.19.0/STM32CubeIDE/plugins/com.st.stm32cube.ide.mcu.externaltools.gnu-tools-for-stm32.13.3.rel1.win32_1.0.0.202411081344/tools/bin/../lib/gcc/arm-none-eabi/13.3.1/../../../../arm-none-eabi/lib/thumb/v7e-m+dp/hard\libc_nano.a(libc_a-stdio.o)
 .text          0x08000368        0x0 C:/ST/STM32CubeIDE_1.19.0/STM32CubeIDE/plugins/com.st.stm32cube.ide.mcu.externaltools.gnu-tools-for-stm32.13.3.rel1.win32_1.0.0.202411081344/tools/bin/../lib/gcc/arm-none-eabi/13.3.1/../../../../arm-none-eabi/lib/thumb/v7e-m+dp/hard\libc_nano.a(libc_a-memcmp.o)
 .text          0x08000368        0x0 C:/ST/STM32CubeIDE_1.19.0/STM32CubeIDE/plugins/com.st.stm32cube.ide.mcu.externaltools.gnu-tools-for-stm32.13.3.rel1.win32_1.0.0.202411081344/tools/bin/../lib/gcc/arm-none-eabi/13.3.1/../../../../arm-none-eabi/lib/thumb/v7e-m+dp/hard\libc_nano.a(libc_a-memset.o)
 .text          0x08000368        0x0 C:/ST/STM32CubeIDE_1.19.0/STM32CubeIDE/plugins/com.st.stm32cube.ide.mcu.externaltools.gnu-tools-for-stm32.13.3.rel1.win32_1.0.0.202411081344/tools/bin/../lib/gcc/arm-none-eabi/13.3.1/../../../../arm-none-eabi/lib/thumb/v7e-m+dp/hard\libc_nano.a(libc_a-closer.o)
 .text          0x08000368        0x0 C:/ST/STM32CubeIDE_1.19.0/STM32CubeIDE/plugins/com.st.stm32cube.ide.mcu.externaltools.gnu-tools-for-stm32.13.3.rel1.win32_1.0.0.202411081344/tools/bin/../lib/gcc/arm-none-eabi/13.3.1/../../../../arm-none-eabi/lib/thumb/v7e-m+dp/hard\libc_nano.a(libc_a-reent.o)
 .text          0x08000368        0x0 C:/ST/STM32CubeIDE_1.19.0/STM32CubeIDE/plugins/com.st.stm32cube.ide.mcu.externaltools.gnu-tools-for-stm32.13.3.rel1.win32_1.0.0.202411081344/tools/bin/../lib/gcc/arm-none-eabi/13.3.1/../../../../arm-none-eabi/lib/thumb/v7e-m+dp/hard\libc_nano.a(libc_a-impure.o)
 .text          0x08000368        0x0 C:/ST/STM32CubeIDE_1.19.0/STM32CubeIDE/plugins/com.st.stm32cube.ide.mcu.externaltools.gnu-tools-for-stm32.13.3.rel1.win32_1.0.0.202411081344/tools/bin/../lib/gcc/arm-none-eabi/13.3.1/../../../../arm-none-eabi/lib/thumb/v7e-m+dp/hard\libc_nano.a(libc_a-lseekr.o)
 .text          0x08000368        0x0 C:/ST/STM32CubeIDE_1.19.0/STM32CubeIDE/plugins/com.st.stm32cube.ide.mcu.externaltools.gnu-tools-for-stm32.13.3.rel1.win32_1.0.0.202411081344/tools/bin/../lib/gcc/arm-none-eabi/13.3.1/../../../../arm-none-eabi/lib/thumb/v7e-m+dp/hard\libc_nano.a(libc_a-readr.o)
 .text          0x08000368        0x0 C:/ST/STM32CubeIDE_1.19.0/STM32CubeIDE/plugins/com.st.stm32cube.ide.mcu.externaltools.gnu-tools-for-stm32.13.3.rel1.win32_1.0.0.202411081344/tools/bin/../lib/gcc/arm-none-eabi/13.3.1/../../../../arm-none-eabi/lib/thumb/v7e-m+dp/hard\libc_nano.a(libc_a-writer.o)
 .text          0x08000368        0x0 C:/ST/STM32CubeIDE_1.19.0/STM32CubeIDE/plugins/com.st.stm32cube.ide.mcu.externaltools.gnu-tools-for-stm32.13.3.rel1.win32_1.0.0.202411081344/tools/bin/../lib/gcc/arm-none-eabi/13.3.1/../../../../arm-none-eabi/lib/thumb/v7e-m+dp/hard\libc_nano.a(libc_a-errno.o)
 .text          0x08000368        0x0 C:/ST/STM32CubeIDE_1.19.0/STM32CubeIDE/plugins/com.st.stm32cube.ide.mcu.externaltools.gnu-tools-for-stm32.13.3.rel1.win32_1.0.0.202411081344/tools/bin/../lib/gcc/arm-none-eabi/13.3.1/../../../../arm-none-eabi/lib/thumb/v7e-m+dp/hard\libc_nano.a(libc_a-init.o)
 .text          0x08000368        0x0 C:/ST/STM32CubeIDE_1.19.0/STM32CubeIDE/plugins/com.st.stm32cube.ide.mcu.externaltools.gnu-tools-for-stm32.13.3.rel1.win32_1.0.0.202411081344/tools/bin/../lib/gcc/arm-none-eabi/13.3.1/../../../../arm-none-eabi/lib/thumb/v7e-m+dp/hard\libc_nano.a(libc_a-lock.o)
 .text          0x08000368       0x10 C:/ST/STM32CubeIDE_1.19.0/STM32CubeIDE/plugins/com.st.stm32cube.ide.mcu.externaltools.gnu-tools-for-stm32.13.3.rel1.win32_1.0.0.202411081344/tools/bin/../lib/gcc/arm-none-eabi/13.3.1/../../../../arm-none-eabi/lib/thumb/v7e-m+dp/hard\libc_nano.a(libc_a-strlen.o)
                0x08000368                strlen
 .text          0x08000378        0x0 C:/ST/STM32CubeIDE_1.19.0/STM32CubeIDE/plugins/com.st.stm32cube.ide.mcu.externaltools.gnu-tools-for-stm32.13.3.rel1.win32_1.0.0.202411081344/tools/bin/../lib/gcc/arm-none-eabi/13.3.1/../../../../arm-none-eabi/lib/thumb/v7e-m+dp/hard\libc_nano.a(libc_a-freer.o)
 .text          0x08000378        0x0 C:/ST/STM32CubeIDE_1.19.0/STM32CubeIDE/plugins/com.st.stm32cube.ide.mcu.externaltools.gnu-tools-for-stm32.13.3.rel1.win32_1.0.0.202411081344/tools/bin/../lib/gcc/arm-none-eabi/13.3.1/../../../../arm-none-eabi/lib/thumb/v7e-m+dp/hard\libc_nano.a(libc_a-mallocr.o)
 .text          0x08000378        0x0 C:/ST/STM32CubeIDE_1.19.0/STM32CubeIDE/plugins/com.st.stm32cube.ide.mcu.externaltools.gnu-tools-for-stm32.13.3.rel1.win32_1.0.0.202411081344/tools/bin/../lib/gcc/arm-none-eabi/13.3.1/../../../../arm-none-eabi/lib/thumb/v7e-m+dp/hard\libc_nano.a(libc_a-mlock.o)
 .text          0x08000378        0x0 C:/ST/STM32CubeIDE_1.19.0/STM32CubeIDE/plugins/com.st.stm32cube.ide.mcu.externaltools.gnu-tools-for-stm32.13.3.rel1.win32_1.0.0.202411081344/tools/bin/../lib/gcc/arm-none-eabi/13.3.1/../../../../arm-none-eabi/lib/thumb/v7e-m+dp/hard\libc_nano.a(libc_a-fflush.o)
 .text          0x08000378        0x0 C:/ST/STM32CubeIDE_1.19.0/STM32CubeIDE/plugins/com.st.stm32cube.ide.mcu.externaltools.gnu-tools-for-stm32.13.3.rel1.win32_1.0.0.202411081344/tools/bin/../lib/gcc/arm-none-eabi/13.3.1/../../../../arm-none-eabi/lib/thumb/v7e-m+dp/hard\libc_nano.a(libc_a-sbrkr.o)
 .text          0x08000378       0x30 C:/ST/STM32CubeIDE_1.19.0/STM32CubeIDE/plugins/com.st.stm32cube.ide.mcu.externaltools.gnu-tools-for-stm32.13.3.rel1.win32_1.0.0.202411081344/tools/bin/../lib/gcc/arm-none-eabi/13.3.1/thumb/v7e-m+dp/hard\libgcc.a(_aeabi_uldivmod.o)
                0x08000378                __aeabi_uldivmod
 .text          0x080003a8      0x2f8 C:/ST/STM32CubeIDE_1.19.0/STM32CubeIDE/plugins/com.st.stm32cube.ide.mcu.externaltools.gnu-tools-for-stm32.13.3.rel1.win32_1.0.0.202411081344/tools/bin/../lib/gcc/arm-none-eabi/13.3.1/thumb/v7e-m+dp/hard\libgcc.a(_udivmoddi4.o)
                0x080003a8                __udivmoddi4
 .text          0x080006a0        0x4 C:/ST/STM32CubeIDE_1.19.0/STM32CubeIDE/plugins/com.st.stm32cube.ide.mcu.externaltools.gnu-tools-for-stm32.13.3.rel1.win32_1.0.0.202411081344/tools/bin/../lib/gcc/arm-none-eabi/13.3.1/thumb/v7e-m+dp/hard\libgcc.a(_dvmd_tls.o)
                0x080006a0                __aeabi_idiv0
                0x080006a0                __aeabi_ldiv0
 .text          0x080006a4        0x0 C:/ST/STM32CubeIDE_1.19.0/STM32CubeIDE/plugins/com.st.stm32cube.ide.mcu.externaltools.gnu-tools-for-stm32.13.3.rel1.win32_1.0.0.202411081344/tools/bin/../lib/gcc/arm-none-eabi/13.3.1/thumb/v7e-m+dp/hard/crtend.o
 .text          0x080006a4        0x0 C:/ST/STM32CubeIDE_1.19.0/STM32CubeIDE/plugins/com.st.stm32cube.ide.mcu.externaltools.gnu-tools-for-stm32.13.3.rel1.win32_1.0.0.202411081344/tools/bin/../lib/gcc/arm-none-eabi/13.3.1/thumb/v7e-m+dp/hard/crtn.o
 *(.text*)
 .text.Init     0x080006a4       0xc0 ./Core/Src/Loader_Src.o
                0x080006a4                Init
 .text.Write    0x08000764       0x74 ./Core/Src/Loader_Src.o
                0x08000764                Write
 .text.SectorErase
                0x080007d8       0x6c ./Core/Src/Loader_Src.o
                0x080007d8                SectorErase
 .text.MassErase
                0x08000844       0x64 ./Core/Src/Loader_Src.o
                0x08000844                MassErase
 .text.CheckSum
                0x080008a8      0x1c6 ./Core/Src/Loader_Src.o
                0x080008a8                CheckSum
 *fill*         0x08000a6e        0x2 
 .text.Verify   0x08000a70       0xfc ./Core/Src/Loader_Src.o
                0x08000a70                Verify
 .text.MX_GPIO_Init
                0x08000b6c       0xcc ./Core/Src/gpio.o
                0x08000b6c                MX_GPIO_Init
 .text.main     0x08000c38      0x36c ./Core/Src/main.o
                0x08000c38                main
 .text.SystemClock_Config
                0x08000fa4       0xfc ./Core/Src/main.o
                0x08000fa4                SystemClock_Config
 .text.MPU_Config
                0x080010a0       0x5a ./Core/Src/main.o
 .text.Error_Handler
                0x080010fa       0x1a ./Core/Src/main.o
                0x080010fa                Error_Handler
 .text.MX_QUADSPI_Init
                0x08001114       0x58 ./Core/Src/quadspi.o
                0x08001114                MX_QUADSPI_Init
 .text.HAL_QSPI_MspInit
                0x0800116c      0x194 ./Core/Src/quadspi.o
                0x0800116c                HAL_QSPI_MspInit
 .text.HAL_QSPI_MspDeInit
                0x08001300       0x58 ./Core/Src/quadspi.o
                0x08001300                HAL_QSPI_MspDeInit
 .text.QSPI_Default_Init
                0x08001358       0x44 ./Core/Src/quadspi.o
                0x08001358                QSPI_Default_Init
 .text.QSPI_Read_JEDEC_ID
                0x0800139c       0x90 ./Core/Src/quadspi.o
                0x0800139c                QSPI_Read_JEDEC_ID
 .text.QSPI_Wait_For_Ready_Autopoll
                0x0800142c       0x64 ./Core/Src/quadspi.o
                0x0800142c                QSPI_Wait_For_Ready_Autopoll
 .text.QSPI_Wait_For_Ready_Manual
                0x08001490       0x9e ./Core/Src/quadspi.o
                0x08001490                QSPI_Wait_For_Ready_Manual
 .text.QSPI_Read_Status_Reg1
                0x0800152e       0x72 ./Core/Src/quadspi.o
                0x0800152e                QSPI_Read_Status_Reg1
 .text.QSPI_Read_Status_Reg2
                0x080015a0       0x72 ./Core/Src/quadspi.o
                0x080015a0                QSPI_Read_Status_Reg2
 .text.QSPI_Read_Status_Reg3
                0x08001612       0x72 ./Core/Src/quadspi.o
                0x08001612                QSPI_Read_Status_Reg3
 .text.QSPI_Enable_Quad_Mode
                0x08001684      0x114 ./Core/Src/quadspi.o
                0x08001684                QSPI_Enable_Quad_Mode
 .text.QSPI_Software_Reset
                0x08001798       0x8c ./Core/Src/quadspi.o
                0x08001798                QSPI_Software_Reset
 .text.QSPI_WriteEnable
                0x08001824       0xe6 ./Core/Src/quadspi.o
                0x08001824                QSPI_WriteEnable
 *fill*         0x0800190a        0x2 
 .text.QSPI_Sector_Erase
                0x0800190c       0xbc ./Core/Src/quadspi.o
                0x0800190c                QSPI_Sector_Erase
 .text.QSPI_Chip_Erase
                0x080019c8       0x94 ./Core/Src/quadspi.o
                0x080019c8                QSPI_Chip_Erase
 .text.QSPI_Write_Data_SPI
                0x08001a5c       0x9c ./Core/Src/quadspi.o
                0x08001a5c                QSPI_Write_Data_SPI
 .text.QSPI_Write_Data_Dual
                0x08001af8       0x9c ./Core/Src/quadspi.o
                0x08001af8                QSPI_Write_Data_Dual
 .text.QSPI_Write_String_Dual
                0x08001b94       0xdc ./Core/Src/quadspi.o
                0x08001b94                QSPI_Write_String_Dual
 .text.QSPI_Write_String_Quad
                0x08001c70       0xb4 ./Core/Src/quadspi.o
                0x08001c70                QSPI_Write_String_Quad
 .text.QSPI_Write_Data_Quad
                0x08001d24      0x110 ./Core/Src/quadspi.o
                0x08001d24                QSPI_Write_Data_Quad
 .text.QSPI_Read_Data_SPI
                0x08001e34       0x78 ./Core/Src/quadspi.o
                0x08001e34                QSPI_Read_Data_SPI
 .text.QSPI_Read_Data_Dual
                0x08001eac       0x78 ./Core/Src/quadspi.o
                0x08001eac                QSPI_Read_Data_Dual
 .text.QSPI_Fast_Read_Quad_Output
                0x08001f24       0x7c ./Core/Src/quadspi.o
                0x08001f24                QSPI_Fast_Read_Quad_Output
 .text.QSPI_Read_Data_Quad_144
                0x08001fa0       0x86 ./Core/Src/quadspi.o
                0x08001fa0                QSPI_Read_Data_Quad_144
 .text.QSPI_Check_4Byte_Mode
                0x08002026       0xa4 ./Core/Src/quadspi.o
                0x08002026                QSPI_Check_4Byte_Mode
 .text.QSPI_Check_QE
                0x080020ca       0xa8 ./Core/Src/quadspi.o
                0x080020ca                QSPI_Check_QE
 .text.QSPI_Check_BP
                0x08002172       0xb2 ./Core/Src/quadspi.o
                0x08002172                QSPI_Check_BP
 .text.QSPI_Enter_4Byte_Mode
                0x08002224       0xa0 ./Core/Src/quadspi.o
                0x08002224                QSPI_Enter_4Byte_Mode
 .text.QSPI_Exit_4Byte_Mode
                0x080022c4       0xa0 ./Core/Src/quadspi.o
                0x080022c4                QSPI_Exit_4Byte_Mode
 .text.QSPI_Write_Status_Reg1
                0x08002364       0x90 ./Core/Src/quadspi.o
                0x08002364                QSPI_Write_Status_Reg1
 .text.QSPI_Write_Status_Reg2
                0x080023f4       0x90 ./Core/Src/quadspi.o
                0x080023f4                QSPI_Write_Status_Reg2
 .text.QSPI_Clear_CMP
                0x08002484       0x8e ./Core/Src/quadspi.o
                0x08002484                QSPI_Clear_CMP
 .text.QSPI_Set_Status_Config
                0x08002512       0x5c ./Core/Src/quadspi.o
                0x08002512                QSPI_Set_Status_Config
 .text.QSPI_DisableMemoryMapped
                0x0800256e       0x36 ./Core/Src/quadspi.o
                0x0800256e                QSPI_DisableMemoryMapped
 .text.QSPI_ReadStatusAll
                0x080025a4       0xee ./Core/Src/quadspi.o
                0x080025a4                QSPI_ReadStatusAll
 .text.QSPI_SelfTest
                0x08002692      0x11c ./Core/Src/quadspi.o
                0x08002692                QSPI_SelfTest
 .text.QSPI_EnableMemoryMapped_1_1_4
                0x080027ae       0x6e ./Core/Src/quadspi.o
                0x080027ae                QSPI_EnableMemoryMapped_1_1_4
 .text.QSPI_EnableMemoryMapped_1_4_4
                0x0800281c       0x78 ./Core/Src/quadspi.o
                0x0800281c                QSPI_EnableMemoryMapped_1_4_4
 .text.QSPI_MemoryMapped_SelfTest
                0x08002894      0x158 ./Core/Src/quadspi.o
                0x08002894                QSPI_MemoryMapped_SelfTest
 .text.HAL_MspInit
                0x080029ec       0x34 ./Core/Src/stm32h7xx_hal_msp.o
                0x080029ec                HAL_MspInit
 .text.NMI_Handler
                0x08002a20        0xc ./Core/Src/stm32h7xx_it.o
                0x08002a20                NMI_Handler
 .text.HardFault_Handler
                0x08002a2c        0x8 ./Core/Src/stm32h7xx_it.o
                0x08002a2c                HardFault_Handler
 .text.MemManage_Handler
                0x08002a34        0x8 ./Core/Src/stm32h7xx_it.o
                0x08002a34                MemManage_Handler
 .text.BusFault_Handler
                0x08002a3c        0x8 ./Core/Src/stm32h7xx_it.o
                0x08002a3c                BusFault_Handler
 .text.UsageFault_Handler
                0x08002a44        0x8 ./Core/Src/stm32h7xx_it.o
                0x08002a44                UsageFault_Handler
 .text.SVC_Handler
                0x08002a4c        0xe ./Core/Src/stm32h7xx_it.o
                0x08002a4c                SVC_Handler
 .text.DebugMon_Handler
                0x08002a5a        0xe ./Core/Src/stm32h7xx_it.o
                0x08002a5a                DebugMon_Handler
 .text.PendSV_Handler
                0x08002a68        0xe ./Core/Src/stm32h7xx_it.o
                0x08002a68                PendSV_Handler
 .text.SysTick_Handler
                0x08002a76        0xc ./Core/Src/stm32h7xx_it.o
                0x08002a76                SysTick_Handler
 .text.EXTI15_10_IRQHandler
                0x08002a82        0xe ./Core/Src/stm32h7xx_it.o
                0x08002a82                EXTI15_10_IRQHandler
 .text.initialise_monitor_handles
                0x08002a90        0xe ./Core/Src/syscalls.o
                0x08002a90                initialise_monitor_handles
 .text._getpid  0x08002a9e       0x10 ./Core/Src/syscalls.o
                0x08002a9e                _getpid
 .text._kill    0x08002aae       0x20 ./Core/Src/syscalls.o
                0x08002aae                _kill
 .text._exit    0x08002ace       0x16 ./Core/Src/syscalls.o
                0x08002ace                _exit
 .text._read    0x08002ae4       0x3a ./Core/Src/syscalls.o
                0x08002ae4                _read
 .text._write   0x08002b1e       0x38 ./Core/Src/syscalls.o
                0x08002b1e                _write
 .text._close   0x08002b56       0x18 ./Core/Src/syscalls.o
                0x08002b56                _close
 .text._fstat   0x08002b6e       0x20 ./Core/Src/syscalls.o
                0x08002b6e                _fstat
 .text._isatty  0x08002b8e       0x16 ./Core/Src/syscalls.o
                0x08002b8e                _isatty
 .text._lseek   0x08002ba4       0x1a ./Core/Src/syscalls.o
                0x08002ba4                _lseek
 .text._open    0x08002bbe       0x1c ./Core/Src/syscalls.o
                0x08002bbe                _open
 .text._wait    0x08002bda       0x1e ./Core/Src/syscalls.o
                0x08002bda                _wait
 .text._unlink  0x08002bf8       0x1e ./Core/Src/syscalls.o
                0x08002bf8                _unlink
 .text._times   0x08002c16       0x18 ./Core/Src/syscalls.o
                0x08002c16                _times
 .text._stat    0x08002c2e       0x20 ./Core/Src/syscalls.o
                0x08002c2e                _stat
 .text._link    0x08002c4e       0x20 ./Core/Src/syscalls.o
                0x08002c4e                _link
 .text._fork    0x08002c6e       0x16 ./Core/Src/syscalls.o
                0x08002c6e                _fork
 .text._execve  0x08002c84       0x22 ./Core/Src/syscalls.o
                0x08002c84                _execve
 *fill*         0x08002ca6        0x2 
 .text._sbrk    0x08002ca8       0x6c ./Core/Src/sysmem.o
                0x08002ca8                _sbrk
 .text.SystemInit
                0x08002d14      0x140 ./Core/Src/system_stm32h7xx.o
                0x08002d14                SystemInit
 .text.SystemCoreClockUpdate
                0x08002e54      0x2f4 ./Core/Src/system_stm32h7xx.o
                0x08002e54                SystemCoreClockUpdate
 .text.ExitRun0Mode
                0x08003148       0x30 ./Core/Src/system_stm32h7xx.o
                0x08003148                ExitRun0Mode
 .text.Reset_Handler
                0x08003178       0x54 ./Core/Startup/startup_stm32h743zitx.o
                0x08003178                Reset_Handler
 .text.Default_Handler
                0x080031cc        0x2 ./Core/Startup/startup_stm32h743zitx.o
                0x080031cc                RTC_Alarm_IRQHandler
                0x080031cc                EXTI2_IRQHandler
                0x080031cc                TIM8_CC_IRQHandler
                0x080031cc                HRTIM1_Master_IRQHandler
                0x080031cc                UART8_IRQHandler
                0x080031cc                SPI4_IRQHandler
                0x080031cc                TIM1_CC_IRQHandler
                0x080031cc                BDMA_Channel6_IRQHandler
                0x080031cc                DMA2_Stream5_IRQHandler
                0x080031cc                HRTIM1_FLT_IRQHandler
                0x080031cc                JPEG_IRQHandler
                0x080031cc                DMA1_Stream5_IRQHandler
                0x080031cc                BDMA_Channel1_IRQHandler
                0x080031cc                HRTIM1_TIMD_IRQHandler
                0x080031cc                TAMP_STAMP_IRQHandler
                0x080031cc                EXTI3_IRQHandler
                0x080031cc                LPTIM4_IRQHandler
                0x080031cc                TIM8_TRG_COM_TIM14_IRQHandler
                0x080031cc                LPTIM2_IRQHandler
                0x080031cc                DFSDM1_FLT1_IRQHandler
                0x080031cc                DMAMUX2_OVR_IRQHandler
                0x080031cc                TIM8_UP_TIM13_IRQHandler
                0x080031cc                I2C3_ER_IRQHandler
                0x080031cc                DFSDM1_FLT2_IRQHandler
                0x080031cc                MDMA_IRQHandler
                0x080031cc                LPTIM3_IRQHandler
                0x080031cc                HSEM1_IRQHandler
                0x080031cc                EXTI0_IRQHandler
                0x080031cc                I2C2_EV_IRQHandler
                0x080031cc                DMA1_Stream2_IRQHandler
                0x080031cc                FPU_IRQHandler
                0x080031cc                OTG_HS_WKUP_IRQHandler
                0x080031cc                FDCAN1_IT1_IRQHandler
                0x080031cc                LTDC_ER_IRQHandler
                0x080031cc                DMA2_Stream2_IRQHandler
                0x080031cc                HRTIM1_TIME_IRQHandler
                0x080031cc                SPI1_IRQHandler
                0x080031cc                TIM6_DAC_IRQHandler
                0x080031cc                DCMI_IRQHandler
                0x080031cc                HRTIM1_TIMC_IRQHandler
                0x080031cc                DMA2_Stream3_IRQHandler
                0x080031cc                SAI2_IRQHandler
                0x080031cc                DFSDM1_FLT3_IRQHandler
                0x080031cc                USART6_IRQHandler
                0x080031cc                TIM17_IRQHandler
                0x080031cc                USART3_IRQHandler
                0x080031cc                BDMA_Channel7_IRQHandler
                0x080031cc                LPTIM5_IRQHandler
                0x080031cc                UART5_IRQHandler
                0x080031cc                ADC3_IRQHandler
                0x080031cc                DMA2_Stream0_IRQHandler
                0x080031cc                TIM4_IRQHandler
                0x080031cc                BDMA_Channel2_IRQHandler
                0x080031cc                QUADSPI_IRQHandler
                0x080031cc                I2C1_EV_IRQHandler
                0x080031cc                DMA1_Stream6_IRQHandler
                0x080031cc                DMAMUX1_OVR_IRQHandler
                0x080031cc                DMA1_Stream1_IRQHandler
                0x080031cc                TIM16_IRQHandler
                0x080031cc                UART4_IRQHandler
                0x080031cc                BDMA_Channel5_IRQHandler
                0x080031cc                TIM3_IRQHandler
                0x080031cc                RCC_IRQHandler
                0x080031cc                TIM8_BRK_TIM12_IRQHandler
                0x080031cc                TIM1_TRG_COM_IRQHandler
                0x080031cc                Default_Handler
                0x080031cc                ECC_IRQHandler
                0x080031cc                CEC_IRQHandler
                0x080031cc                BDMA_Channel0_IRQHandler
                0x080031cc                ADC_IRQHandler
                0x080031cc                DMA1_Stream7_IRQHandler
                0x080031cc                HRTIM1_TIMA_IRQHandler
                0x080031cc                SPI5_IRQHandler
                0x080031cc                TIM7_IRQHandler
                0x080031cc                SDMMC1_IRQHandler
                0x080031cc                TIM5_IRQHandler
                0x080031cc                DMA2_Stream7_IRQHandler
                0x080031cc                TIM15_IRQHandler
                0x080031cc                PVD_AVD_IRQHandler
                0x080031cc                I2C3_EV_IRQHandler
                0x080031cc                EXTI9_5_IRQHandler
                0x080031cc                RTC_WKUP_IRQHandler
                0x080031cc                LTDC_IRQHandler
                0x080031cc                SAI3_IRQHandler
                0x080031cc                ETH_WKUP_IRQHandler
                0x080031cc                SPDIF_RX_IRQHandler
                0x080031cc                SPI2_IRQHandler
                0x080031cc                OTG_HS_EP1_IN_IRQHandler
                0x080031cc                DMA1_Stream0_IRQHandler
                0x080031cc                CRS_IRQHandler
                0x080031cc                EXTI4_IRQHandler
                0x080031cc                RNG_IRQHandler
                0x080031cc                HRTIM1_TIMB_IRQHandler
                0x080031cc                FDCAN2_IT1_IRQHandler
                0x080031cc                ETH_IRQHandler
                0x080031cc                TIM1_UP_IRQHandler
                0x080031cc                BDMA_Channel4_IRQHandler
                0x080031cc                OTG_HS_EP1_OUT_IRQHandler
                0x080031cc                WWDG_IRQHandler
                0x080031cc                SPI6_IRQHandler
                0x080031cc                MDIOS_IRQHandler
                0x080031cc                I2C4_EV_IRQHandler
                0x080031cc                FDCAN2_IT0_IRQHandler
                0x080031cc                LPUART1_IRQHandler
                0x080031cc                FDCAN1_IT0_IRQHandler
                0x080031cc                TIM2_IRQHandler
                0x080031cc                OTG_FS_WKUP_IRQHandler
                0x080031cc                OTG_HS_IRQHandler
                0x080031cc                DMA2D_IRQHandler
                0x080031cc                TIM1_BRK_IRQHandler
                0x080031cc                EXTI1_IRQHandler
                0x080031cc                SDMMC2_IRQHandler
                0x080031cc                OTG_FS_EP1_OUT_IRQHandler
                0x080031cc                BDMA_Channel3_IRQHandler
                0x080031cc                UART7_IRQHandler
                0x080031cc                MDIOS_WKUP_IRQHandler
                0x080031cc                USART2_IRQHandler
                0x080031cc                DFSDM1_FLT0_IRQHandler
                0x080031cc                SAI4_IRQHandler
                0x080031cc                I2C2_ER_IRQHandler
                0x080031cc                DMA2_Stream1_IRQHandler
                0x080031cc                FLASH_IRQHandler
                0x080031cc                DMA2_Stream4_IRQHandler
                0x080031cc                USART1_IRQHandler
                0x080031cc                OTG_FS_IRQHandler
                0x080031cc                SPI3_IRQHandler
                0x080031cc                WAKEUP_PIN_IRQHandler
                0x080031cc                DMA1_Stream4_IRQHandler
                0x080031cc                OTG_FS_EP1_IN_IRQHandler
                0x080031cc                I2C1_ER_IRQHandler
                0x080031cc                FMC_IRQHandler
                0x080031cc                FDCAN_CAL_IRQHandler
                0x080031cc                SWPMI1_IRQHandler
                0x080031cc                COMP1_IRQHandler
                0x080031cc                LPTIM1_IRQHandler
                0x080031cc                I2C4_ER_IRQHandler
                0x080031cc                DMA2_Stream6_IRQHandler
                0x080031cc                SAI1_IRQHandler
                0x080031cc                DMA1_Stream3_IRQHandler
 *fill*         0x080031ce        0x2 
 .text.BSP_GetVersion
                0x080031d0       0x14 ./Drivers/BSP/STM32H7xx_Nucleo/stm32h7xx_nucleo.o
                0x080031d0                BSP_GetVersion
 .text.BSP_LED_Init
                0x080031e4       0xec ./Drivers/BSP/STM32H7xx_Nucleo/stm32h7xx_nucleo.o
                0x080031e4                BSP_LED_Init
 .text.BSP_LED_DeInit
                0x080032d0       0x70 ./Drivers/BSP/STM32H7xx_Nucleo/stm32h7xx_nucleo.o
                0x080032d0                BSP_LED_DeInit
 .text.BSP_LED_On
                0x08003340       0x54 ./Drivers/BSP/STM32H7xx_Nucleo/stm32h7xx_nucleo.o
                0x08003340                BSP_LED_On
 .text.BSP_LED_Off
                0x08003394       0x54 ./Drivers/BSP/STM32H7xx_Nucleo/stm32h7xx_nucleo.o
                0x08003394                BSP_LED_Off
 .text.BSP_LED_Toggle
                0x080033e8       0x54 ./Drivers/BSP/STM32H7xx_Nucleo/stm32h7xx_nucleo.o
                0x080033e8                BSP_LED_Toggle
 .text.BSP_LED_GetState
                0x0800343c       0x54 ./Drivers/BSP/STM32H7xx_Nucleo/stm32h7xx_nucleo.o
                0x0800343c                BSP_LED_GetState
 .text.BSP_PB_Init
                0x08003490       0xe4 ./Drivers/BSP/STM32H7xx_Nucleo/stm32h7xx_nucleo.o
                0x08003490                BSP_PB_Init
 .text.BSP_PB_DeInit
                0x08003574       0x38 ./Drivers/BSP/STM32H7xx_Nucleo/stm32h7xx_nucleo.o
                0x08003574                BSP_PB_DeInit
 .text.BSP_PB_GetState
                0x080035ac       0x2c ./Drivers/BSP/STM32H7xx_Nucleo/stm32h7xx_nucleo.o
                0x080035ac                BSP_PB_GetState
 .text.BSP_PB_IRQHandler
                0x080035d8       0x24 ./Drivers/BSP/STM32H7xx_Nucleo/stm32h7xx_nucleo.o
                0x080035d8                BSP_PB_IRQHandler
 .text.BSP_PB_Callback
                0x080035fc       0x16 ./Drivers/BSP/STM32H7xx_Nucleo/stm32h7xx_nucleo.o
                0x080035fc                BSP_PB_Callback
 *fill*         0x08003612        0x2 
 .text.BSP_COM_Init
                0x08003614       0x60 ./Drivers/BSP/STM32H7xx_Nucleo/stm32h7xx_nucleo.o
                0x08003614                BSP_COM_Init
 .text.BSP_COM_DeInit
                0x08003674       0x74 ./Drivers/BSP/STM32H7xx_Nucleo/stm32h7xx_nucleo.o
                0x08003674                BSP_COM_DeInit
 .text.MX_USART3_Init
                0x080036e8       0x64 ./Drivers/BSP/STM32H7xx_Nucleo/stm32h7xx_nucleo.o
                0x080036e8                MX_USART3_Init
 .text.BSP_COM_SelectLogPort
                0x0800374c       0x2c ./Drivers/BSP/STM32H7xx_Nucleo/stm32h7xx_nucleo.o
                0x0800374c                BSP_COM_SelectLogPort
 .text.__io_putchar
                0x08003778       0x38 ./Drivers/BSP/STM32H7xx_Nucleo/stm32h7xx_nucleo.o
                0x08003778                __io_putchar
 .text.BUTTON_USER_EXTI_Callback
                0x080037b0        0xe ./Drivers/BSP/STM32H7xx_Nucleo/stm32h7xx_nucleo.o
 *fill*         0x080037be        0x2 
 .text.COM1_MspInit
                0x080037c0       0xb0 ./Drivers/BSP/STM32H7xx_Nucleo/stm32h7xx_nucleo.o
 .text.COM1_MspDeInit
                0x08003870       0x48 ./Drivers/BSP/STM32H7xx_Nucleo/stm32h7xx_nucleo.o
 .text.HAL_Init
                0x080038b8       0x78 ./Drivers/STM32H7xx_HAL_Driver/Src/stm32h7xx_hal.o
                0x080038b8                HAL_Init
 .text.HAL_DeInit
                0x08003930       0xbc ./Drivers/STM32H7xx_HAL_Driver/Src/stm32h7xx_hal.o
                0x08003930                HAL_DeInit
 .text.HAL_MspInit
                0x080039ec        0xe ./Drivers/STM32H7xx_HAL_Driver/Src/stm32h7xx_hal.o
 .text.HAL_MspDeInit
                0x080039fa        0xe ./Drivers/STM32H7xx_HAL_Driver/Src/stm32h7xx_hal.o
                0x080039fa                HAL_MspDeInit
 .text.HAL_InitTick
                0x08003a08       0x6c ./Drivers/STM32H7xx_HAL_Driver/Src/stm32h7xx_hal.o
                0x08003a08                HAL_InitTick
 .text.HAL_IncTick
                0x08003a74       0x28 ./Drivers/STM32H7xx_HAL_Driver/Src/stm32h7xx_hal.o
                0x08003a74                HAL_IncTick
 .text.HAL_GetTick
                0x08003a9c       0x18 ./Drivers/STM32H7xx_HAL_Driver/Src/stm32h7xx_hal.o
                0x08003a9c                HAL_GetTick
 .text.HAL_GetTickPrio
                0x08003ab4       0x18 ./Drivers/STM32H7xx_HAL_Driver/Src/stm32h7xx_hal.o
                0x08003ab4                HAL_GetTickPrio
 .text.HAL_SetTickFreq
                0x08003acc       0x50 ./Drivers/STM32H7xx_HAL_Driver/Src/stm32h7xx_hal.o
                0x08003acc                HAL_SetTickFreq
 .text.HAL_GetTickFreq
                0x08003b1c       0x18 ./Drivers/STM32H7xx_HAL_Driver/Src/stm32h7xx_hal.o
                0x08003b1c                HAL_GetTickFreq
 .text.HAL_Delay
                0x08003b34       0x48 ./Drivers/STM32H7xx_HAL_Driver/Src/stm32h7xx_hal.o
                0x08003b34                HAL_Delay
 .text.HAL_SuspendTick
                0x08003b7c       0x20 ./Drivers/STM32H7xx_HAL_Driver/Src/stm32h7xx_hal.o
                0x08003b7c                HAL_SuspendTick
 .text.HAL_ResumeTick
                0x08003b9c       0x20 ./Drivers/STM32H7xx_HAL_Driver/Src/stm32h7xx_hal.o
                0x08003b9c                HAL_ResumeTick
 .text.HAL_GetHalVersion
                0x08003bbc       0x14 ./Drivers/STM32H7xx_HAL_Driver/Src/stm32h7xx_hal.o
                0x08003bbc                HAL_GetHalVersion
 .text.HAL_GetREVID
                0x08003bd0       0x18 ./Drivers/STM32H7xx_HAL_Driver/Src/stm32h7xx_hal.o
                0x08003bd0                HAL_GetREVID
 .text.HAL_GetDEVID
                0x08003be8       0x1c ./Drivers/STM32H7xx_HAL_Driver/Src/stm32h7xx_hal.o
                0x08003be8                HAL_GetDEVID
 .text.HAL_GetUIDw0
                0x08003c04       0x18 ./Drivers/STM32H7xx_HAL_Driver/Src/stm32h7xx_hal.o
                0x08003c04                HAL_GetUIDw0
 .text.HAL_GetUIDw1
                0x08003c1c       0x18 ./Drivers/STM32H7xx_HAL_Driver/Src/stm32h7xx_hal.o
                0x08003c1c                HAL_GetUIDw1
 .text.HAL_GetUIDw2
                0x08003c34       0x18 ./Drivers/STM32H7xx_HAL_Driver/Src/stm32h7xx_hal.o
                0x08003c34                HAL_GetUIDw2
 .text.HAL_SYSCFG_VREFBUF_VoltageScalingConfig
                0x08003c4c       0x28 ./Drivers/STM32H7xx_HAL_Driver/Src/stm32h7xx_hal.o
                0x08003c4c                HAL_SYSCFG_VREFBUF_VoltageScalingConfig
 .text.HAL_SYSCFG_VREFBUF_HighImpedanceConfig
                0x08003c74       0x28 ./Drivers/STM32H7xx_HAL_Driver/Src/stm32h7xx_hal.o
                0x08003c74                HAL_SYSCFG_VREFBUF_HighImpedanceConfig
 .text.HAL_SYSCFG_VREFBUF_TrimmingConfig
                0x08003c9c       0x28 ./Drivers/STM32H7xx_HAL_Driver/Src/stm32h7xx_hal.o
                0x08003c9c                HAL_SYSCFG_VREFBUF_TrimmingConfig
 .text.HAL_SYSCFG_EnableVREFBUF
                0x08003cc4       0x48 ./Drivers/STM32H7xx_HAL_Driver/Src/stm32h7xx_hal.o
                0x08003cc4                HAL_SYSCFG_EnableVREFBUF
 .text.HAL_SYSCFG_DisableVREFBUF
                0x08003d0c       0x20 ./Drivers/STM32H7xx_HAL_Driver/Src/stm32h7xx_hal.o
                0x08003d0c                HAL_SYSCFG_DisableVREFBUF
 .text.HAL_SYSCFG_ETHInterfaceSelect
                0x08003d2c       0x28 ./Drivers/STM32H7xx_HAL_Driver/Src/stm32h7xx_hal.o
                0x08003d2c                HAL_SYSCFG_ETHInterfaceSelect
 .text.HAL_SYSCFG_AnalogSwitchConfig
                0x08003d54       0x2c ./Drivers/STM32H7xx_HAL_Driver/Src/stm32h7xx_hal.o
                0x08003d54                HAL_SYSCFG_AnalogSwitchConfig
 .text.HAL_SYSCFG_EnableBOOST
                0x08003d80       0x20 ./Drivers/STM32H7xx_HAL_Driver/Src/stm32h7xx_hal.o
                0x08003d80                HAL_SYSCFG_EnableBOOST
 .text.HAL_SYSCFG_DisableBOOST
                0x08003da0       0x20 ./Drivers/STM32H7xx_HAL_Driver/Src/stm32h7xx_hal.o
                0x08003da0                HAL_SYSCFG_DisableBOOST
 .text.HAL_SYSCFG_CM7BootAddConfig
                0x08003dc0       0x54 ./Drivers/STM32H7xx_HAL_Driver/Src/stm32h7xx_hal.o
                0x08003dc0                HAL_SYSCFG_CM7BootAddConfig
 .text.HAL_EnableCompensationCell
                0x08003e14       0x20 ./Drivers/STM32H7xx_HAL_Driver/Src/stm32h7xx_hal.o
                0x08003e14                HAL_EnableCompensationCell
 .text.HAL_DisableCompensationCell
                0x08003e34       0x20 ./Drivers/STM32H7xx_HAL_Driver/Src/stm32h7xx_hal.o
                0x08003e34                HAL_DisableCompensationCell
 .text.HAL_SYSCFG_EnableIOSpeedOptimize
                0x08003e54       0x20 ./Drivers/STM32H7xx_HAL_Driver/Src/stm32h7xx_hal.o
                0x08003e54                HAL_SYSCFG_EnableIOSpeedOptimize
 .text.HAL_SYSCFG_DisableIOSpeedOptimize
                0x08003e74       0x20 ./Drivers/STM32H7xx_HAL_Driver/Src/stm32h7xx_hal.o
                0x08003e74                HAL_SYSCFG_DisableIOSpeedOptimize
 .text.HAL_SYSCFG_CompensationCodeSelect
                0x08003e94       0x28 ./Drivers/STM32H7xx_HAL_Driver/Src/stm32h7xx_hal.o
                0x08003e94                HAL_SYSCFG_CompensationCodeSelect
 .text.HAL_SYSCFG_CompensationCodeConfig
                0x08003ebc       0x30 ./Drivers/STM32H7xx_HAL_Driver/Src/stm32h7xx_hal.o
                0x08003ebc                HAL_SYSCFG_CompensationCodeConfig
 .text.HAL_DBGMCU_EnableDBGSleepMode
                0x08003eec       0x20 ./Drivers/STM32H7xx_HAL_Driver/Src/stm32h7xx_hal.o
                0x08003eec                HAL_DBGMCU_EnableDBGSleepMode
 .text.HAL_DBGMCU_DisableDBGSleepMode
                0x08003f0c       0x20 ./Drivers/STM32H7xx_HAL_Driver/Src/stm32h7xx_hal.o
                0x08003f0c                HAL_DBGMCU_DisableDBGSleepMode
 .text.HAL_DBGMCU_EnableDBGStopMode
                0x08003f2c       0x20 ./Drivers/STM32H7xx_HAL_Driver/Src/stm32h7xx_hal.o
                0x08003f2c                HAL_DBGMCU_EnableDBGStopMode
 .text.HAL_DBGMCU_DisableDBGStopMode
                0x08003f4c       0x20 ./Drivers/STM32H7xx_HAL_Driver/Src/stm32h7xx_hal.o
                0x08003f4c                HAL_DBGMCU_DisableDBGStopMode
 .text.HAL_DBGMCU_EnableDBGStandbyMode
                0x08003f6c       0x20 ./Drivers/STM32H7xx_HAL_Driver/Src/stm32h7xx_hal.o
                0x08003f6c                HAL_DBGMCU_EnableDBGStandbyMode
 .text.HAL_DBGMCU_DisableDBGStandbyMode
                0x08003f8c       0x20 ./Drivers/STM32H7xx_HAL_Driver/Src/stm32h7xx_hal.o
                0x08003f8c                HAL_DBGMCU_DisableDBGStandbyMode
 .text.HAL_SetFMCMemorySwappingConfig
                0x08003fac       0x28 ./Drivers/STM32H7xx_HAL_Driver/Src/stm32h7xx_hal.o
                0x08003fac                HAL_SetFMCMemorySwappingConfig
 .text.HAL_GetFMCMemorySwappingConfig
                0x08003fd4       0x1c ./Drivers/STM32H7xx_HAL_Driver/Src/stm32h7xx_hal.o
                0x08003fd4                HAL_GetFMCMemorySwappingConfig
 .text.HAL_EXTI_EdgeConfig
                0x08003ff0       0xd0 ./Drivers/STM32H7xx_HAL_Driver/Src/stm32h7xx_hal.o
                0x08003ff0                HAL_EXTI_EdgeConfig
 .text.HAL_EXTI_GenerateSWInterrupt
                0x080040c0       0x40 ./Drivers/STM32H7xx_HAL_Driver/Src/stm32h7xx_hal.o
                0x080040c0                HAL_EXTI_GenerateSWInterrupt
 .text.HAL_EXTI_D1_ClearFlag
                0x08004100       0x30 ./Drivers/STM32H7xx_HAL_Driver/Src/stm32h7xx_hal.o
                0x08004100                HAL_EXTI_D1_ClearFlag
 .text.HAL_EXTI_D1_EventInputConfig
                0x08004130       0xec ./Drivers/STM32H7xx_HAL_Driver/Src/stm32h7xx_hal.o
                0x08004130                HAL_EXTI_D1_EventInputConfig
 .text.HAL_EXTI_D3_EventInputConfig
                0x0800421c       0xd0 ./Drivers/STM32H7xx_HAL_Driver/Src/stm32h7xx_hal.o
                0x0800421c                HAL_EXTI_D3_EventInputConfig
 .text.__NVIC_SetPriorityGrouping
                0x080042ec       0x48 ./Drivers/STM32H7xx_HAL_Driver/Src/stm32h7xx_hal_cortex.o
 .text.__NVIC_GetPriorityGrouping
                0x08004334       0x1c ./Drivers/STM32H7xx_HAL_Driver/Src/stm32h7xx_hal_cortex.o
 .text.__NVIC_EnableIRQ
                0x08004350       0x3c ./Drivers/STM32H7xx_HAL_Driver/Src/stm32h7xx_hal_cortex.o
 .text.__NVIC_DisableIRQ
                0x0800438c       0x48 ./Drivers/STM32H7xx_HAL_Driver/Src/stm32h7xx_hal_cortex.o
 .text.__NVIC_GetPendingIRQ
                0x080043d4       0x44 ./Drivers/STM32H7xx_HAL_Driver/Src/stm32h7xx_hal_cortex.o
 .text.__NVIC_SetPendingIRQ
                0x08004418       0x3c ./Drivers/STM32H7xx_HAL_Driver/Src/stm32h7xx_hal_cortex.o
 .text.__NVIC_ClearPendingIRQ
                0x08004454       0x3c ./Drivers/STM32H7xx_HAL_Driver/Src/stm32h7xx_hal_cortex.o
 .text.__NVIC_GetActive
                0x08004490       0x44 ./Drivers/STM32H7xx_HAL_Driver/Src/stm32h7xx_hal_cortex.o
 .text.__NVIC_SetPriority
                0x080044d4       0x54 ./Drivers/STM32H7xx_HAL_Driver/Src/stm32h7xx_hal_cortex.o
 .text.__NVIC_GetPriority
                0x08004528       0x50 ./Drivers/STM32H7xx_HAL_Driver/Src/stm32h7xx_hal_cortex.o
 .text.NVIC_EncodePriority
                0x08004578       0x66 ./Drivers/STM32H7xx_HAL_Driver/Src/stm32h7xx_hal_cortex.o
 .text.NVIC_DecodePriority
                0x080045de       0x6e ./Drivers/STM32H7xx_HAL_Driver/Src/stm32h7xx_hal_cortex.o
 .text.__NVIC_SystemReset
                0x0800464c       0x2c ./Drivers/STM32H7xx_HAL_Driver/Src/stm32h7xx_hal_cortex.o
 .text.SysTick_Config
                0x08004678       0x44 ./Drivers/STM32H7xx_HAL_Driver/Src/stm32h7xx_hal_cortex.o
 .text.HAL_NVIC_SetPriorityGrouping
                0x080046bc       0x16 ./Drivers/STM32H7xx_HAL_Driver/Src/stm32h7xx_hal_cortex.o
                0x080046bc                HAL_NVIC_SetPriorityGrouping
 .text.HAL_NVIC_SetPriority
                0x080046d2       0x34 ./Drivers/STM32H7xx_HAL_Driver/Src/stm32h7xx_hal_cortex.o
                0x080046d2                HAL_NVIC_SetPriority
 .text.HAL_NVIC_EnableIRQ
                0x08004706       0x1c ./Drivers/STM32H7xx_HAL_Driver/Src/stm32h7xx_hal_cortex.o
                0x08004706                HAL_NVIC_EnableIRQ
 .text.HAL_NVIC_DisableIRQ
                0x08004722       0x1c ./Drivers/STM32H7xx_HAL_Driver/Src/stm32h7xx_hal_cortex.o
                0x08004722                HAL_NVIC_DisableIRQ
 .text.HAL_NVIC_SystemReset
                0x0800473e        0x8 ./Drivers/STM32H7xx_HAL_Driver/Src/stm32h7xx_hal_cortex.o
                0x0800473e                HAL_NVIC_SystemReset
 .text.HAL_SYSTICK_Config
                0x08004746       0x18 ./Drivers/STM32H7xx_HAL_Driver/Src/stm32h7xx_hal_cortex.o
                0x08004746                HAL_SYSTICK_Config
 *fill*         0x0800475e        0x2 
 .text.HAL_MPU_Disable
                0x08004760       0x30 ./Drivers/STM32H7xx_HAL_Driver/Src/stm32h7xx_hal_cortex.o
                0x08004760                HAL_MPU_Disable
 .text.HAL_MPU_Enable
                0x08004790       0x40 ./Drivers/STM32H7xx_HAL_Driver/Src/stm32h7xx_hal_cortex.o
                0x08004790                HAL_MPU_Enable
 .text.HAL_MPU_EnableRegion
                0x080047d0       0x2c ./Drivers/STM32H7xx_HAL_Driver/Src/stm32h7xx_hal_cortex.o
                0x080047d0                HAL_MPU_EnableRegion
 .text.HAL_MPU_DisableRegion
                0x080047fc       0x2c ./Drivers/STM32H7xx_HAL_Driver/Src/stm32h7xx_hal_cortex.o
                0x080047fc                HAL_MPU_DisableRegion
 .text.HAL_MPU_ConfigRegion
                0x08004828       0x80 ./Drivers/STM32H7xx_HAL_Driver/Src/stm32h7xx_hal_cortex.o
                0x08004828                HAL_MPU_ConfigRegion
 .text.HAL_NVIC_GetPriorityGrouping
                0x080048a8        0xe ./Drivers/STM32H7xx_HAL_Driver/Src/stm32h7xx_hal_cortex.o
                0x080048a8                HAL_NVIC_GetPriorityGrouping
 .text.HAL_NVIC_GetPriority
                0x080048b6       0x2c ./Drivers/STM32H7xx_HAL_Driver/Src/stm32h7xx_hal_cortex.o
                0x080048b6                HAL_NVIC_GetPriority
 .text.HAL_NVIC_SetPendingIRQ
                0x080048e2       0x1c ./Drivers/STM32H7xx_HAL_Driver/Src/stm32h7xx_hal_cortex.o
                0x080048e2                HAL_NVIC_SetPendingIRQ
 .text.HAL_NVIC_GetPendingIRQ
                0x080048fe       0x1e ./Drivers/STM32H7xx_HAL_Driver/Src/stm32h7xx_hal_cortex.o
                0x080048fe                HAL_NVIC_GetPendingIRQ
 .text.HAL_NVIC_ClearPendingIRQ
                0x0800491c       0x1c ./Drivers/STM32H7xx_HAL_Driver/Src/stm32h7xx_hal_cortex.o
                0x0800491c                HAL_NVIC_ClearPendingIRQ
 .text.HAL_NVIC_GetActive
                0x08004938       0x1e ./Drivers/STM32H7xx_HAL_Driver/Src/stm32h7xx_hal_cortex.o
                0x08004938                HAL_NVIC_GetActive
 *fill*         0x08004956        0x2 
 .text.HAL_SYSTICK_CLKSourceConfig
                0x08004958       0x38 ./Drivers/STM32H7xx_HAL_Driver/Src/stm32h7xx_hal_cortex.o
                0x08004958                HAL_SYSTICK_CLKSourceConfig
 .text.HAL_SYSTICK_IRQHandler
                0x08004990        0xc ./Drivers/STM32H7xx_HAL_Driver/Src/stm32h7xx_hal_cortex.o
                0x08004990                HAL_SYSTICK_IRQHandler
 .text.HAL_SYSTICK_Callback
                0x0800499c        0xe ./Drivers/STM32H7xx_HAL_Driver/Src/stm32h7xx_hal_cortex.o
                0x0800499c                HAL_SYSTICK_Callback
 .text.HAL_GetCurrentCPUID
                0x080049aa       0x10 ./Drivers/STM32H7xx_HAL_Driver/Src/stm32h7xx_hal_cortex.o
                0x080049aa                HAL_GetCurrentCPUID
 *fill*         0x080049ba        0x2 
 .text.HAL_DMA_Init
                0x080049bc      0x6b8 ./Drivers/STM32H7xx_HAL_Driver/Src/stm32h7xx_hal_dma.o
                0x080049bc                HAL_DMA_Init
 .text.HAL_DMA_DeInit
                0x08005074      0x36c ./Drivers/STM32H7xx_HAL_Driver/Src/stm32h7xx_hal_dma.o
                0x08005074                HAL_DMA_DeInit
 .text.HAL_DMA_Start
                0x080053e0      0x240 ./Drivers/STM32H7xx_HAL_Driver/Src/stm32h7xx_hal_dma.o
                0x080053e0                HAL_DMA_Start
 .text.HAL_DMA_Start_IT
                0x08005620      0x4d4 ./Drivers/STM32H7xx_HAL_Driver/Src/stm32h7xx_hal_dma.o
                0x08005620                HAL_DMA_Start_IT
 .text.HAL_DMA_Abort
                0x08005af4      0x63c ./Drivers/STM32H7xx_HAL_Driver/Src/stm32h7xx_hal_dma.o
                0x08005af4                HAL_DMA_Abort
 .text.HAL_DMA_Abort_IT
                0x08006130      0x48c ./Drivers/STM32H7xx_HAL_Driver/Src/stm32h7xx_hal_dma.o
                0x08006130                HAL_DMA_Abort_IT
 .text.HAL_DMA_PollForTransfer
                0x080065bc      0x754 ./Drivers/STM32H7xx_HAL_Driver/Src/stm32h7xx_hal_dma.o
                0x080065bc                HAL_DMA_PollForTransfer
 .text.HAL_DMA_IRQHandler
                0x08006d10      0xe54 ./Drivers/STM32H7xx_HAL_Driver/Src/stm32h7xx_hal_dma.o
                0x08006d10                HAL_DMA_IRQHandler
 .text.HAL_DMA_RegisterCallback
                0x08007b64       0xb4 ./Drivers/STM32H7xx_HAL_Driver/Src/stm32h7xx_hal_dma.o
                0x08007b64                HAL_DMA_RegisterCallback
 .text.HAL_DMA_UnRegisterCallback
                0x08007c18       0xdc ./Drivers/STM32H7xx_HAL_Driver/Src/stm32h7xx_hal_dma.o
                0x08007c18                HAL_DMA_UnRegisterCallback
 .text.HAL_DMA_GetState
                0x08007cf4       0x1c ./Drivers/STM32H7xx_HAL_Driver/Src/stm32h7xx_hal_dma.o
                0x08007cf4                HAL_DMA_GetState
 .text.HAL_DMA_GetError
                0x08007d10       0x18 ./Drivers/STM32H7xx_HAL_Driver/Src/stm32h7xx_hal_dma.o
                0x08007d10                HAL_DMA_GetError
 .text.DMA_SetConfig
                0x08007d28      0x358 ./Drivers/STM32H7xx_HAL_Driver/Src/stm32h7xx_hal_dma.o
 .text.DMA_CalcBaseAndBitshift
                0x08008080      0x164 ./Drivers/STM32H7xx_HAL_Driver/Src/stm32h7xx_hal_dma.o
 .text.DMA_CheckFifoParam
                0x080081e4       0xf8 ./Drivers/STM32H7xx_HAL_Driver/Src/stm32h7xx_hal_dma.o
 .text.DMA_CalcDMAMUXChannelBaseAndMask
                0x080082dc      0x134 ./Drivers/STM32H7xx_HAL_Driver/Src/stm32h7xx_hal_dma.o
 .text.DMA_CalcDMAMUXRequestGenBaseAndMask
                0x08008410       0xe8 ./Drivers/STM32H7xx_HAL_Driver/Src/stm32h7xx_hal_dma.o
 .text.HAL_DMAEx_MultiBufferStart
                0x080084f8      0x404 ./Drivers/STM32H7xx_HAL_Driver/Src/stm32h7xx_hal_dma_ex.o
                0x080084f8                HAL_DMAEx_MultiBufferStart
 .text.HAL_DMAEx_MultiBufferStart_IT
                0x080088fc      0x6bc ./Drivers/STM32H7xx_HAL_Driver/Src/stm32h7xx_hal_dma_ex.o
                0x080088fc                HAL_DMAEx_MultiBufferStart_IT
 .text.HAL_DMAEx_ChangeMemory
                0x08008fb8      0x138 ./Drivers/STM32H7xx_HAL_Driver/Src/stm32h7xx_hal_dma_ex.o
                0x08008fb8                HAL_DMAEx_ChangeMemory
 .text.HAL_DMAEx_ConfigMuxSync
                0x080090f0      0x18c ./Drivers/STM32H7xx_HAL_Driver/Src/stm32h7xx_hal_dma_ex.o
                0x080090f0                HAL_DMAEx_ConfigMuxSync
 .text.HAL_DMAEx_ConfigMuxRequestGenerator
                0x0800927c      0x170 ./Drivers/STM32H7xx_HAL_Driver/Src/stm32h7xx_hal_dma_ex.o
                0x0800927c                HAL_DMAEx_ConfigMuxRequestGenerator
 .text.HAL_DMAEx_EnableMuxRequestGenerator
                0x080093ec       0x3e ./Drivers/STM32H7xx_HAL_Driver/Src/stm32h7xx_hal_dma_ex.o
                0x080093ec                HAL_DMAEx_EnableMuxRequestGenerator
 .text.HAL_DMAEx_DisableMuxRequestGenerator
                0x0800942a       0x3e ./Drivers/STM32H7xx_HAL_Driver/Src/stm32h7xx_hal_dma_ex.o
                0x0800942a                HAL_DMAEx_DisableMuxRequestGenerator
 .text.HAL_DMAEx_MUX_IRQHandler
                0x08009468       0xa4 ./Drivers/STM32H7xx_HAL_Driver/Src/stm32h7xx_hal_dma_ex.o
                0x08009468                HAL_DMAEx_MUX_IRQHandler
 .text.DMA_MultiBufferSetConfig
                0x0800950c      0x16c ./Drivers/STM32H7xx_HAL_Driver/Src/stm32h7xx_hal_dma_ex.o
 .text.HAL_EXTI_SetConfigLine
                0x08009678      0x258 ./Drivers/STM32H7xx_HAL_Driver/Src/stm32h7xx_hal_exti.o
                0x08009678                HAL_EXTI_SetConfigLine
 .text.HAL_EXTI_GetConfigLine
                0x080098d0      0x1cc ./Drivers/STM32H7xx_HAL_Driver/Src/stm32h7xx_hal_exti.o
                0x080098d0                HAL_EXTI_GetConfigLine
 .text.HAL_EXTI_ClearConfigLine
                0x08009a9c      0x194 ./Drivers/STM32H7xx_HAL_Driver/Src/stm32h7xx_hal_exti.o
                0x08009a9c                HAL_EXTI_ClearConfigLine
 .text.HAL_EXTI_RegisterCallback
                0x08009c30       0x3e ./Drivers/STM32H7xx_HAL_Driver/Src/stm32h7xx_hal_exti.o
                0x08009c30                HAL_EXTI_RegisterCallback
 .text.HAL_EXTI_GetHandle
                0x08009c6e       0x28 ./Drivers/STM32H7xx_HAL_Driver/Src/stm32h7xx_hal_exti.o
                0x08009c6e                HAL_EXTI_GetHandle
 *fill*         0x08009c96        0x2 
 .text.HAL_EXTI_IRQHandler
                0x08009c98       0x60 ./Drivers/STM32H7xx_HAL_Driver/Src/stm32h7xx_hal_exti.o
                0x08009c98                HAL_EXTI_IRQHandler
 .text.HAL_EXTI_GetPending
                0x08009cf8       0x58 ./Drivers/STM32H7xx_HAL_Driver/Src/stm32h7xx_hal_exti.o
                0x08009cf8                HAL_EXTI_GetPending
 .text.HAL_EXTI_ClearPending
                0x08009d50       0x48 ./Drivers/STM32H7xx_HAL_Driver/Src/stm32h7xx_hal_exti.o
                0x08009d50                HAL_EXTI_ClearPending
 .text.HAL_EXTI_GenerateSWI
                0x08009d98       0x44 ./Drivers/STM32H7xx_HAL_Driver/Src/stm32h7xx_hal_exti.o
                0x08009d98                HAL_EXTI_GenerateSWI
 .text.HAL_FLASH_Program
                0x08009ddc      0x124 ./Drivers/STM32H7xx_HAL_Driver/Src/stm32h7xx_hal_flash.o
                0x08009ddc                HAL_FLASH_Program
 .text.HAL_FLASH_Program_IT
                0x08009f00      0x118 ./Drivers/STM32H7xx_HAL_Driver/Src/stm32h7xx_hal_flash.o
                0x08009f00                HAL_FLASH_Program_IT
 .text.HAL_FLASH_IRQHandler
                0x0800a018      0x2b4 ./Drivers/STM32H7xx_HAL_Driver/Src/stm32h7xx_hal_flash.o
                0x0800a018                HAL_FLASH_IRQHandler
 .text.HAL_FLASH_EndOfOperationCallback
                0x0800a2cc       0x14 ./Drivers/STM32H7xx_HAL_Driver/Src/stm32h7xx_hal_flash.o
                0x0800a2cc                HAL_FLASH_EndOfOperationCallback
 .text.HAL_FLASH_OperationErrorCallback
                0x0800a2e0       0x14 ./Drivers/STM32H7xx_HAL_Driver/Src/stm32h7xx_hal_flash.o
                0x0800a2e0                HAL_FLASH_OperationErrorCallback
 .text.HAL_FLASH_Unlock
                0x0800a2f4       0x74 ./Drivers/STM32H7xx_HAL_Driver/Src/stm32h7xx_hal_flash.o
                0x0800a2f4                HAL_FLASH_Unlock
 .text.HAL_FLASH_Lock
                0x0800a368       0x54 ./Drivers/STM32H7xx_HAL_Driver/Src/stm32h7xx_hal_flash.o
                0x0800a368                HAL_FLASH_Lock
 .text.HAL_FLASH_OB_Unlock
                0x0800a3bc       0x44 ./Drivers/STM32H7xx_HAL_Driver/Src/stm32h7xx_hal_flash.o
                0x0800a3bc                HAL_FLASH_OB_Unlock
 .text.HAL_FLASH_OB_Lock
                0x0800a400       0x30 ./Drivers/STM32H7xx_HAL_Driver/Src/stm32h7xx_hal_flash.o
                0x0800a400                HAL_FLASH_OB_Lock
 .text.HAL_FLASH_OB_Launch
                0x0800a430       0x64 ./Drivers/STM32H7xx_HAL_Driver/Src/stm32h7xx_hal_flash.o
                0x0800a430                HAL_FLASH_OB_Launch
 .text.HAL_FLASH_GetError
                0x0800a494       0x18 ./Drivers/STM32H7xx_HAL_Driver/Src/stm32h7xx_hal_flash.o
                0x0800a494                HAL_FLASH_GetError
 .text.FLASH_WaitForLastOperation
                0x0800a4ac      0x134 ./Drivers/STM32H7xx_HAL_Driver/Src/stm32h7xx_hal_flash.o
                0x0800a4ac                FLASH_WaitForLastOperation
 .text.FLASH_OB_WaitForLastOperation
                0x0800a5e0       0x78 ./Drivers/STM32H7xx_HAL_Driver/Src/stm32h7xx_hal_flash.o
                0x0800a5e0                FLASH_OB_WaitForLastOperation
 .text.FLASH_CRC_WaitForLastOperation
                0x0800a658       0xf4 ./Drivers/STM32H7xx_HAL_Driver/Src/stm32h7xx_hal_flash.o
                0x0800a658                FLASH_CRC_WaitForLastOperation
 .text.HAL_FLASHEx_Erase
                0x0800a74c      0x194 ./Drivers/STM32H7xx_HAL_Driver/Src/stm32h7xx_hal_flash_ex.o
                0x0800a74c                HAL_FLASHEx_Erase
 .text.HAL_FLASHEx_Erase_IT
                0x0800a8e0      0x138 ./Drivers/STM32H7xx_HAL_Driver/Src/stm32h7xx_hal_flash_ex.o
                0x0800a8e0                HAL_FLASHEx_Erase_IT
 .text.HAL_FLASHEx_OBProgram
                0x0800aa18      0x148 ./Drivers/STM32H7xx_HAL_Driver/Src/stm32h7xx_hal_flash_ex.o
                0x0800aa18                HAL_FLASHEx_OBProgram
 .text.HAL_FLASHEx_OBGetConfig
                0x0800ab60       0xb6 ./Drivers/STM32H7xx_HAL_Driver/Src/stm32h7xx_hal_flash_ex.o
                0x0800ab60                HAL_FLASHEx_OBGetConfig
 *fill*         0x0800ac16        0x2 
 .text.HAL_FLASHEx_Unlock_Bank1
                0x0800ac18       0x44 ./Drivers/STM32H7xx_HAL_Driver/Src/stm32h7xx_hal_flash_ex.o
                0x0800ac18                HAL_FLASHEx_Unlock_Bank1
 .text.HAL_FLASHEx_Lock_Bank1
                0x0800ac5c       0x20 ./Drivers/STM32H7xx_HAL_Driver/Src/stm32h7xx_hal_flash_ex.o
                0x0800ac5c                HAL_FLASHEx_Lock_Bank1
 .text.HAL_FLASHEx_Unlock_Bank2
                0x0800ac7c       0x4c ./Drivers/STM32H7xx_HAL_Driver/Src/stm32h7xx_hal_flash_ex.o
                0x0800ac7c                HAL_FLASHEx_Unlock_Bank2
 .text.HAL_FLASHEx_Lock_Bank2
                0x0800acc8       0x24 ./Drivers/STM32H7xx_HAL_Driver/Src/stm32h7xx_hal_flash_ex.o
                0x0800acc8                HAL_FLASHEx_Lock_Bank2
 .text.HAL_FLASHEx_ComputeCRC
                0x0800acec      0x1f0 ./Drivers/STM32H7xx_HAL_Driver/Src/stm32h7xx_hal_flash_ex.o
                0x0800acec                HAL_FLASHEx_ComputeCRC
 .text.FLASH_MassErase
                0x0800aedc       0xd4 ./Drivers/STM32H7xx_HAL_Driver/Src/stm32h7xx_hal_flash_ex.o
 .text.FLASH_Erase_Sector
                0x0800afb0       0x7c ./Drivers/STM32H7xx_HAL_Driver/Src/stm32h7xx_hal_flash_ex.o
                0x0800afb0                FLASH_Erase_Sector
 .text.FLASH_OB_EnableWRP
                0x0800b02c       0x54 ./Drivers/STM32H7xx_HAL_Driver/Src/stm32h7xx_hal_flash_ex.o
 .text.FLASH_OB_DisableWRP
                0x0800b080       0x50 ./Drivers/STM32H7xx_HAL_Driver/Src/stm32h7xx_hal_flash_ex.o
 .text.FLASH_OB_GetWRP
                0x0800b0d0       0x5c ./Drivers/STM32H7xx_HAL_Driver/Src/stm32h7xx_hal_flash_ex.o
 .text.FLASH_OB_RDPConfig
                0x0800b12c       0x28 ./Drivers/STM32H7xx_HAL_Driver/Src/stm32h7xx_hal_flash_ex.o
 .text.FLASH_OB_GetRDP
                0x0800b154       0x38 ./Drivers/STM32H7xx_HAL_Driver/Src/stm32h7xx_hal_flash_ex.o
 .text.FLASH_OB_UserConfig
                0x0800b18c      0x144 ./Drivers/STM32H7xx_HAL_Driver/Src/stm32h7xx_hal_flash_ex.o
 .text.FLASH_OB_GetUser
                0x0800b2d0       0x2c ./Drivers/STM32H7xx_HAL_Driver/Src/stm32h7xx_hal_flash_ex.o
 .text.FLASH_OB_PCROPConfig
                0x0800b2fc       0x6c ./Drivers/STM32H7xx_HAL_Driver/Src/stm32h7xx_hal_flash_ex.o
 .text.FLASH_OB_GetPCROP
                0x0800b368       0x84 ./Drivers/STM32H7xx_HAL_Driver/Src/stm32h7xx_hal_flash_ex.o
 .text.FLASH_OB_BOR_LevelConfig
                0x0800b3ec       0x28 ./Drivers/STM32H7xx_HAL_Driver/Src/stm32h7xx_hal_flash_ex.o
 .text.FLASH_OB_GetBOR
                0x0800b414       0x1c ./Drivers/STM32H7xx_HAL_Driver/Src/stm32h7xx_hal_flash_ex.o
 .text.FLASH_OB_BootAddConfig
                0x0800b430       0x54 ./Drivers/STM32H7xx_HAL_Driver/Src/stm32h7xx_hal_flash_ex.o
 .text.FLASH_OB_GetBootAdd
                0x0800b484       0x38 ./Drivers/STM32H7xx_HAL_Driver/Src/stm32h7xx_hal_flash_ex.o
 .text.FLASH_OB_SecureAreaConfig
                0x0800b4bc       0x74 ./Drivers/STM32H7xx_HAL_Driver/Src/stm32h7xx_hal_flash_ex.o
 .text.FLASH_OB_GetSecureArea
                0x0800b530       0x84 ./Drivers/STM32H7xx_HAL_Driver/Src/stm32h7xx_hal_flash_ex.o
 .text.FLASH_CRC_AddSector
                0x0800b5b4       0x64 ./Drivers/STM32H7xx_HAL_Driver/Src/stm32h7xx_hal_flash_ex.o
 .text.FLASH_CRC_SelectAddress
                0x0800b618       0x40 ./Drivers/STM32H7xx_HAL_Driver/Src/stm32h7xx_hal_flash_ex.o
 .text.HAL_GPIO_Init
                0x0800b658      0x360 ./Drivers/STM32H7xx_HAL_Driver/Src/stm32h7xx_hal_gpio.o
                0x0800b658                HAL_GPIO_Init
 .text.HAL_GPIO_DeInit
                0x0800b9b8      0x214 ./Drivers/STM32H7xx_HAL_Driver/Src/stm32h7xx_hal_gpio.o
                0x0800b9b8                HAL_GPIO_DeInit
 .text.HAL_GPIO_ReadPin
                0x0800bbcc       0x30 ./Drivers/STM32H7xx_HAL_Driver/Src/stm32h7xx_hal_gpio.o
                0x0800bbcc                HAL_GPIO_ReadPin
 .text.HAL_GPIO_WritePin
                0x0800bbfc       0x32 ./Drivers/STM32H7xx_HAL_Driver/Src/stm32h7xx_hal_gpio.o
                0x0800bbfc                HAL_GPIO_WritePin
 .text.HAL_GPIO_TogglePin
                0x0800bc2e       0x34 ./Drivers/STM32H7xx_HAL_Driver/Src/stm32h7xx_hal_gpio.o
                0x0800bc2e                HAL_GPIO_TogglePin
 .text.HAL_GPIO_LockPin
                0x0800bc62       0x50 ./Drivers/STM32H7xx_HAL_Driver/Src/stm32h7xx_hal_gpio.o
                0x0800bc62                HAL_GPIO_LockPin
 .text.HAL_GPIO_EXTI_IRQHandler
                0x0800bcb2       0x34 ./Drivers/STM32H7xx_HAL_Driver/Src/stm32h7xx_hal_gpio.o
                0x0800bcb2                HAL_GPIO_EXTI_IRQHandler
 .text.HAL_GPIO_EXTI_Callback
                0x0800bce6       0x16 ./Drivers/STM32H7xx_HAL_Driver/Src/stm32h7xx_hal_gpio.o
                0x0800bce6                HAL_GPIO_EXTI_Callback
 .text.HAL_HSEM_Take
                0x0800bcfc       0x44 ./Drivers/STM32H7xx_HAL_Driver/Src/stm32h7xx_hal_hsem.o
                0x0800bcfc                HAL_HSEM_Take
 .text.HAL_HSEM_FastTake
                0x0800bd40       0x34 ./Drivers/STM32H7xx_HAL_Driver/Src/stm32h7xx_hal_hsem.o
                0x0800bd40                HAL_HSEM_FastTake
 .text.HAL_HSEM_IsSemTaken
                0x0800bd74       0x2c ./Drivers/STM32H7xx_HAL_Driver/Src/stm32h7xx_hal_hsem.o
                0x0800bd74                HAL_HSEM_IsSemTaken
 .text.HAL_HSEM_Release
                0x0800bda0       0x28 ./Drivers/STM32H7xx_HAL_Driver/Src/stm32h7xx_hal_hsem.o
                0x0800bda0                HAL_HSEM_Release
 .text.HAL_HSEM_ReleaseAll
                0x0800bdc8       0x2c ./Drivers/STM32H7xx_HAL_Driver/Src/stm32h7xx_hal_hsem.o
                0x0800bdc8                HAL_HSEM_ReleaseAll
 .text.HAL_HSEM_SetClearKey
                0x0800bdf4       0x2c ./Drivers/STM32H7xx_HAL_Driver/Src/stm32h7xx_hal_hsem.o
                0x0800bdf4                HAL_HSEM_SetClearKey
 .text.HAL_HSEM_GetClearKey
                0x0800be20       0x1c ./Drivers/STM32H7xx_HAL_Driver/Src/stm32h7xx_hal_hsem.o
                0x0800be20                HAL_HSEM_GetClearKey
 .text.HAL_HSEM_ActivateNotification
                0x0800be3c       0x24 ./Drivers/STM32H7xx_HAL_Driver/Src/stm32h7xx_hal_hsem.o
                0x0800be3c                HAL_HSEM_ActivateNotification
 .text.HAL_HSEM_DeactivateNotification
                0x0800be60       0x28 ./Drivers/STM32H7xx_HAL_Driver/Src/stm32h7xx_hal_hsem.o
                0x0800be60                HAL_HSEM_DeactivateNotification
 .text.HAL_HSEM_IRQHandler
                0x0800be88       0x34 ./Drivers/STM32H7xx_HAL_Driver/Src/stm32h7xx_hal_hsem.o
                0x0800be88                HAL_HSEM_IRQHandler
 .text.HAL_HSEM_FreeCallback
                0x0800bebc       0x14 ./Drivers/STM32H7xx_HAL_Driver/Src/stm32h7xx_hal_hsem.o
                0x0800bebc                HAL_HSEM_FreeCallback
 .text.HAL_I2C_Init
                0x0800bed0      0x138 ./Drivers/STM32H7xx_HAL_Driver/Src/stm32h7xx_hal_i2c.o
                0x0800bed0                HAL_I2C_Init
 .text.HAL_I2C_DeInit
                0x0800c008       0x5e ./Drivers/STM32H7xx_HAL_Driver/Src/stm32h7xx_hal_i2c.o
                0x0800c008                HAL_I2C_DeInit
 .text.HAL_I2C_MspInit
                0x0800c066       0x14 ./Drivers/STM32H7xx_HAL_Driver/Src/stm32h7xx_hal_i2c.o
                0x0800c066                HAL_I2C_MspInit
 .text.HAL_I2C_MspDeInit
                0x0800c07a       0x14 ./Drivers/STM32H7xx_HAL_Driver/Src/stm32h7xx_hal_i2c.o
                0x0800c07a                HAL_I2C_MspDeInit
 *fill*         0x0800c08e        0x2 
 .text.HAL_I2C_Master_Transmit
                0x0800c090      0x230 ./Drivers/STM32H7xx_HAL_Driver/Src/stm32h7xx_hal_i2c.o
                0x0800c090                HAL_I2C_Master_Transmit
 .text.HAL_I2C_Master_Receive
                0x0800c2c0      0x1ec ./Drivers/STM32H7xx_HAL_Driver/Src/stm32h7xx_hal_i2c.o
                0x0800c2c0                HAL_I2C_Master_Receive
 .text.HAL_I2C_Slave_Transmit
                0x0800c4ac      0x29a ./Drivers/STM32H7xx_HAL_Driver/Src/stm32h7xx_hal_i2c.o
                0x0800c4ac                HAL_I2C_Slave_Transmit
 .text.HAL_I2C_Slave_Receive
                0x0800c746      0x220 ./Drivers/STM32H7xx_HAL_Driver/Src/stm32h7xx_hal_i2c.o
                0x0800c746                HAL_I2C_Slave_Receive
 *fill*         0x0800c966        0x2 
 .text.HAL_I2C_Master_Transmit_IT
                0x0800c968      0x130 ./Drivers/STM32H7xx_HAL_Driver/Src/stm32h7xx_hal_i2c.o
                0x0800c968                HAL_I2C_Master_Transmit_IT
 .text.HAL_I2C_Master_Receive_IT
                0x0800ca98       0xe0 ./Drivers/STM32H7xx_HAL_Driver/Src/stm32h7xx_hal_i2c.o
                0x0800ca98                HAL_I2C_Master_Receive_IT
 .text.HAL_I2C_Slave_Transmit_IT
                0x0800cb78       0xdc ./Drivers/STM32H7xx_HAL_Driver/Src/stm32h7xx_hal_i2c.o
                0x0800cb78                HAL_I2C_Slave_Transmit_IT
 .text.HAL_I2C_Slave_Receive_IT
                0x0800cc54       0xa0 ./Drivers/STM32H7xx_HAL_Driver/Src/stm32h7xx_hal_i2c.o
                0x0800cc54                HAL_I2C_Slave_Receive_IT
 .text.HAL_I2C_Master_Transmit_DMA
                0x0800ccf4      0x228 ./Drivers/STM32H7xx_HAL_Driver/Src/stm32h7xx_hal_i2c.o
                0x0800ccf4                HAL_I2C_Master_Transmit_DMA
 .text.HAL_I2C_Master_Receive_DMA
                0x0800cf1c      0x1e0 ./Drivers/STM32H7xx_HAL_Driver/Src/stm32h7xx_hal_i2c.o
                0x0800cf1c                HAL_I2C_Master_Receive_DMA
 .text.HAL_I2C_Slave_Transmit_DMA
                0x0800d0fc      0x1d8 ./Drivers/STM32H7xx_HAL_Driver/Src/stm32h7xx_hal_i2c.o
                0x0800d0fc                HAL_I2C_Slave_Transmit_DMA
 .text.HAL_I2C_Slave_Receive_DMA
                0x0800d2d4      0x16c ./Drivers/STM32H7xx_HAL_Driver/Src/stm32h7xx_hal_i2c.o
                0x0800d2d4                HAL_I2C_Slave_Receive_DMA
 .text.HAL_I2C_Mem_Write
                0x0800d440      0x228 ./Drivers/STM32H7xx_HAL_Driver/Src/stm32h7xx_hal_i2c.o
                0x0800d440                HAL_I2C_Mem_Write
 .text.HAL_I2C_Mem_Read
                0x0800d668      0x234 ./Drivers/STM32H7xx_HAL_Driver/Src/stm32h7xx_hal_i2c.o
                0x0800d668                HAL_I2C_Mem_Read
 .text.HAL_I2C_Mem_Write_IT
                0x0800d89c      0x114 ./Drivers/STM32H7xx_HAL_Driver/Src/stm32h7xx_hal_i2c.o
                0x0800d89c                HAL_I2C_Mem_Write_IT
 .text.HAL_I2C_Mem_Read_IT
                0x0800d9b0      0x10c ./Drivers/STM32H7xx_HAL_Driver/Src/stm32h7xx_hal_i2c.o
                0x0800d9b0                HAL_I2C_Mem_Read_IT
 .text.HAL_I2C_Mem_Write_DMA
                0x0800dabc      0x1cc ./Drivers/STM32H7xx_HAL_Driver/Src/stm32h7xx_hal_i2c.o
                0x0800dabc                HAL_I2C_Mem_Write_DMA
 .text.HAL_I2C_Mem_Read_DMA
                0x0800dc88      0x1cc ./Drivers/STM32H7xx_HAL_Driver/Src/stm32h7xx_hal_i2c.o
                0x0800dc88                HAL_I2C_Mem_Read_DMA
 .text.HAL_I2C_IsDeviceReady
                0x0800de54      0x20c ./Drivers/STM32H7xx_HAL_Driver/Src/stm32h7xx_hal_i2c.o
                0x0800de54                HAL_I2C_IsDeviceReady
 .text.HAL_I2C_Master_Seq_Transmit_IT
                0x0800e060      0x17c ./Drivers/STM32H7xx_HAL_Driver/Src/stm32h7xx_hal_i2c.o
                0x0800e060                HAL_I2C_Master_Seq_Transmit_IT
 .text.HAL_I2C_Master_Seq_Transmit_DMA
                0x0800e1dc      0x2a0 ./Drivers/STM32H7xx_HAL_Driver/Src/stm32h7xx_hal_i2c.o
                0x0800e1dc                HAL_I2C_Master_Seq_Transmit_DMA
 .text.HAL_I2C_Master_Seq_Receive_IT
                0x0800e47c      0x108 ./Drivers/STM32H7xx_HAL_Driver/Src/stm32h7xx_hal_i2c.o
                0x0800e47c                HAL_I2C_Master_Seq_Receive_IT
 .text.HAL_I2C_Master_Seq_Receive_DMA
                0x0800e584      0x208 ./Drivers/STM32H7xx_HAL_Driver/Src/stm32h7xx_hal_i2c.o
                0x0800e584                HAL_I2C_Master_Seq_Receive_DMA
 .text.HAL_I2C_Slave_Seq_Transmit_IT
                0x0800e78c      0x164 ./Drivers/STM32H7xx_HAL_Driver/Src/stm32h7xx_hal_i2c.o
                0x0800e78c                HAL_I2C_Slave_Seq_Transmit_IT
 .text.HAL_I2C_Slave_Seq_Transmit_DMA
                0x0800e8f0      0x28c ./Drivers/STM32H7xx_HAL_Driver/Src/stm32h7xx_hal_i2c.o
                0x0800e8f0                HAL_I2C_Slave_Seq_Transmit_DMA
 .text.HAL_I2C_Slave_Seq_Receive_IT
                0x0800eb7c      0x164 ./Drivers/STM32H7xx_HAL_Driver/Src/stm32h7xx_hal_i2c.o
                0x0800eb7c                HAL_I2C_Slave_Seq_Receive_IT
 .text.HAL_I2C_Slave_Seq_Receive_DMA
                0x0800ece0      0x28c ./Drivers/STM32H7xx_HAL_Driver/Src/stm32h7xx_hal_i2c.o
                0x0800ece0                HAL_I2C_Slave_Seq_Receive_DMA
 .text.HAL_I2C_EnableListen_IT
                0x0800ef6c       0x40 ./Drivers/STM32H7xx_HAL_Driver/Src/stm32h7xx_hal_i2c.o
                0x0800ef6c                HAL_I2C_EnableListen_IT
 .text.HAL_I2C_DisableListen_IT
                0x0800efac       0x62 ./Drivers/STM32H7xx_HAL_Driver/Src/stm32h7xx_hal_i2c.o
                0x0800efac                HAL_I2C_DisableListen_IT
 *fill*         0x0800f00e        0x2 
 .text.HAL_I2C_Master_Abort_IT
                0x0800f010       0xa8 ./Drivers/STM32H7xx_HAL_Driver/Src/stm32h7xx_hal_i2c.o
                0x0800f010                HAL_I2C_Master_Abort_IT
 .text.HAL_I2C_EV_IRQHandler
                0x0800f0b8       0x34 ./Drivers/STM32H7xx_HAL_Driver/Src/stm32h7xx_hal_i2c.o
                0x0800f0b8                HAL_I2C_EV_IRQHandler
 .text.HAL_I2C_ER_IRQHandler
                0x0800f0ec       0xc2 ./Drivers/STM32H7xx_HAL_Driver/Src/stm32h7xx_hal_i2c.o
                0x0800f0ec                HAL_I2C_ER_IRQHandler
 .text.HAL_I2C_MasterTxCpltCallback
                0x0800f1ae       0x14 ./Drivers/STM32H7xx_HAL_Driver/Src/stm32h7xx_hal_i2c.o
                0x0800f1ae                HAL_I2C_MasterTxCpltCallback
 .text.HAL_I2C_MasterRxCpltCallback
                0x0800f1c2       0x14 ./Drivers/STM32H7xx_HAL_Driver/Src/stm32h7xx_hal_i2c.o
                0x0800f1c2                HAL_I2C_MasterRxCpltCallback
 .text.HAL_I2C_SlaveTxCpltCallback
                0x0800f1d6       0x14 ./Drivers/STM32H7xx_HAL_Driver/Src/stm32h7xx_hal_i2c.o
                0x0800f1d6                HAL_I2C_SlaveTxCpltCallback
 .text.HAL_I2C_SlaveRxCpltCallback
                0x0800f1ea       0x14 ./Drivers/STM32H7xx_HAL_Driver/Src/stm32h7xx_hal_i2c.o
                0x0800f1ea                HAL_I2C_SlaveRxCpltCallback
 .text.HAL_I2C_AddrCallback
                0x0800f1fe       0x1c ./Drivers/STM32H7xx_HAL_Driver/Src/stm32h7xx_hal_i2c.o
                0x0800f1fe                HAL_I2C_AddrCallback
 .text.HAL_I2C_ListenCpltCallback
                0x0800f21a       0x14 ./Drivers/STM32H7xx_HAL_Driver/Src/stm32h7xx_hal_i2c.o
                0x0800f21a                HAL_I2C_ListenCpltCallback
 .text.HAL_I2C_MemTxCpltCallback
                0x0800f22e       0x14 ./Drivers/STM32H7xx_HAL_Driver/Src/stm32h7xx_hal_i2c.o
                0x0800f22e                HAL_I2C_MemTxCpltCallback
 .text.HAL_I2C_MemRxCpltCallback
                0x0800f242       0x14 ./Drivers/STM32H7xx_HAL_Driver/Src/stm32h7xx_hal_i2c.o
                0x0800f242                HAL_I2C_MemRxCpltCallback
 .text.HAL_I2C_ErrorCallback
                0x0800f256       0x14 ./Drivers/STM32H7xx_HAL_Driver/Src/stm32h7xx_hal_i2c.o
                0x0800f256                HAL_I2C_ErrorCallback
 .text.HAL_I2C_AbortCpltCallback
                0x0800f26a       0x14 ./Drivers/STM32H7xx_HAL_Driver/Src/stm32h7xx_hal_i2c.o
                0x0800f26a                HAL_I2C_AbortCpltCallback
 .text.HAL_I2C_GetState
                0x0800f27e       0x1c ./Drivers/STM32H7xx_HAL_Driver/Src/stm32h7xx_hal_i2c.o
                0x0800f27e                HAL_I2C_GetState
 .text.HAL_I2C_GetMode
                0x0800f29a       0x1c ./Drivers/STM32H7xx_HAL_Driver/Src/stm32h7xx_hal_i2c.o
                0x0800f29a                HAL_I2C_GetMode
 .text.HAL_I2C_GetError
                0x0800f2b6       0x18 ./Drivers/STM32H7xx_HAL_Driver/Src/stm32h7xx_hal_i2c.o
                0x0800f2b6                HAL_I2C_GetError
 .text.I2C_Master_ISR_IT
                0x0800f2ce      0x268 ./Drivers/STM32H7xx_HAL_Driver/Src/stm32h7xx_hal_i2c.o
 *fill*         0x0800f536        0x2 
 .text.I2C_Mem_ISR_IT
                0x0800f538      0x264 ./Drivers/STM32H7xx_HAL_Driver/Src/stm32h7xx_hal_i2c.o
 .text.I2C_Slave_ISR_IT
                0x0800f79c      0x208 ./Drivers/STM32H7xx_HAL_Driver/Src/stm32h7xx_hal_i2c.o
 .text.I2C_Master_ISR_DMA
                0x0800f9a4      0x1e6 ./Drivers/STM32H7xx_HAL_Driver/Src/stm32h7xx_hal_i2c.o
 *fill*         0x0800fb8a        0x2 
 .text.I2C_Mem_ISR_DMA
                0x0800fb8c      0x260 ./Drivers/STM32H7xx_HAL_Driver/Src/stm32h7xx_hal_i2c.o
 .text.I2C_Slave_ISR_DMA
                0x0800fdec      0x3c8 ./Drivers/STM32H7xx_HAL_Driver/Src/stm32h7xx_hal_i2c.o
 .text.I2C_RequestMemoryWrite
                0x080101b4       0xa8 ./Drivers/STM32H7xx_HAL_Driver/Src/stm32h7xx_hal_i2c.o
 .text.I2C_RequestMemoryRead
                0x0801025c       0xa8 ./Drivers/STM32H7xx_HAL_Driver/Src/stm32h7xx_hal_i2c.o
 .text.I2C_ITAddrCplt
                0x08010304      0x108 ./Drivers/STM32H7xx_HAL_Driver/Src/stm32h7xx_hal_i2c.o
 .text.I2C_ITMasterSeqCplt
                0x0801040c       0x7a ./Drivers/STM32H7xx_HAL_Driver/Src/stm32h7xx_hal_i2c.o
 .text.I2C_ITSlaveSeqCplt
                0x08010486       0xbc ./Drivers/STM32H7xx_HAL_Driver/Src/stm32h7xx_hal_i2c.o
 *fill*         0x08010542        0x2 
 .text.I2C_ITMasterCplt
                0x08010544      0x194 ./Drivers/STM32H7xx_HAL_Driver/Src/stm32h7xx_hal_i2c.o
 .text.I2C_ITSlaveCplt
                0x080106d8      0x4b4 ./Drivers/STM32H7xx_HAL_Driver/Src/stm32h7xx_hal_i2c.o
 .text.I2C_ITListenCplt
                0x08010b8c       0xac ./Drivers/STM32H7xx_HAL_Driver/Src/stm32h7xx_hal_i2c.o
 .text.I2C_ITError
                0x08010c38      0x1e0 ./Drivers/STM32H7xx_HAL_Driver/Src/stm32h7xx_hal_i2c.o
 .text.I2C_TreatErrorCallback
                0x08010e18       0x4e ./Drivers/STM32H7xx_HAL_Driver/Src/stm32h7xx_hal_i2c.o
 .text.I2C_Flush_TXDR
                0x08010e66       0x48 ./Drivers/STM32H7xx_HAL_Driver/Src/stm32h7xx_hal_i2c.o
 .text.I2C_DMAMasterTransmitCplt
                0x08010eae       0x96 ./Drivers/STM32H7xx_HAL_Driver/Src/stm32h7xx_hal_i2c.o
 .text.I2C_DMASlaveTransmitCplt
                0x08010f44       0x40 ./Drivers/STM32H7xx_HAL_Driver/Src/stm32h7xx_hal_i2c.o
 .text.I2C_DMAMasterReceiveCplt
                0x08010f84       0x96 ./Drivers/STM32H7xx_HAL_Driver/Src/stm32h7xx_hal_i2c.o
 *fill*         0x0801101a        0x2 
 .text.I2C_DMASlaveReceiveCplt
                0x0801101c      0x164 ./Drivers/STM32H7xx_HAL_Driver/Src/stm32h7xx_hal_i2c.o
 .text.I2C_DMAError
                0x08011180      0x274 ./Drivers/STM32H7xx_HAL_Driver/Src/stm32h7xx_hal_i2c.o
 .text.I2C_DMAAbort
                0x080113f4       0x3c ./Drivers/STM32H7xx_HAL_Driver/Src/stm32h7xx_hal_i2c.o
 .text.I2C_WaitOnFlagUntilTimeout
                0x08011430       0xb2 ./Drivers/STM32H7xx_HAL_Driver/Src/stm32h7xx_hal_i2c.o
 .text.I2C_WaitOnTXISFlagUntilTimeout
                0x080114e2       0x8e ./Drivers/STM32H7xx_HAL_Driver/Src/stm32h7xx_hal_i2c.o
 .text.I2C_WaitOnSTOPFlagUntilTimeout
                0x08011570       0x86 ./Drivers/STM32H7xx_HAL_Driver/Src/stm32h7xx_hal_i2c.o
 *fill*         0x080115f6        0x2 
 .text.I2C_WaitOnRXNEFlagUntilTimeout
                0x080115f8      0x118 ./Drivers/STM32H7xx_HAL_Driver/Src/stm32h7xx_hal_i2c.o
 .text.I2C_IsErrorOccurred
                0x08011710      0x1c0 ./Drivers/STM32H7xx_HAL_Driver/Src/stm32h7xx_hal_i2c.o
 .text.I2C_TransferConfig
                0x080118d0       0x64 ./Drivers/STM32H7xx_HAL_Driver/Src/stm32h7xx_hal_i2c.o
 .text.I2C_Enable_IRQ
                0x08011934      0x108 ./Drivers/STM32H7xx_HAL_Driver/Src/stm32h7xx_hal_i2c.o
 .text.I2C_Disable_IRQ
                0x08011a3c       0xbc ./Drivers/STM32H7xx_HAL_Driver/Src/stm32h7xx_hal_i2c.o
 .text.I2C_ConvertOtherXferOptions
                0x08011af8       0x36 ./Drivers/STM32H7xx_HAL_Driver/Src/stm32h7xx_hal_i2c.o
 .text.HAL_I2CEx_ConfigAnalogFilter
                0x08011b2e       0x96 ./Drivers/STM32H7xx_HAL_Driver/Src/stm32h7xx_hal_i2c_ex.o
                0x08011b2e                HAL_I2CEx_ConfigAnalogFilter
 .text.HAL_I2CEx_ConfigDigitalFilter
                0x08011bc4       0x98 ./Drivers/STM32H7xx_HAL_Driver/Src/stm32h7xx_hal_i2c_ex.o
                0x08011bc4                HAL_I2CEx_ConfigDigitalFilter
 .text.HAL_I2CEx_EnableWakeUp
                0x08011c5c       0x84 ./Drivers/STM32H7xx_HAL_Driver/Src/stm32h7xx_hal_i2c_ex.o
                0x08011c5c                HAL_I2CEx_EnableWakeUp
 .text.HAL_I2CEx_DisableWakeUp
                0x08011ce0       0x84 ./Drivers/STM32H7xx_HAL_Driver/Src/stm32h7xx_hal_i2c_ex.o
                0x08011ce0                HAL_I2CEx_DisableWakeUp
 .text.HAL_I2CEx_EnableFastModePlus
                0x08011d64       0x48 ./Drivers/STM32H7xx_HAL_Driver/Src/stm32h7xx_hal_i2c_ex.o
                0x08011d64                HAL_I2CEx_EnableFastModePlus
 .text.HAL_I2CEx_DisableFastModePlus
                0x08011dac       0x48 ./Drivers/STM32H7xx_HAL_Driver/Src/stm32h7xx_hal_i2c_ex.o
                0x08011dac                HAL_I2CEx_DisableFastModePlus
 .text.HAL_MDMA_Init
                0x08011df4       0x98 ./Drivers/STM32H7xx_HAL_Driver/Src/stm32h7xx_hal_mdma.o
                0x08011df4                HAL_MDMA_Init
 .text.HAL_MDMA_DeInit
                0x08011e8c       0xb0 ./Drivers/STM32H7xx_HAL_Driver/Src/stm32h7xx_hal_mdma.o
                0x08011e8c                HAL_MDMA_DeInit
 .text.HAL_MDMA_ConfigPostRequestMask
                0x08011f3c       0xa4 ./Drivers/STM32H7xx_HAL_Driver/Src/stm32h7xx_hal_mdma.o
                0x08011f3c                HAL_MDMA_ConfigPostRequestMask
 .text.HAL_MDMA_RegisterCallback
                0x08011fe0       0xb4 ./Drivers/STM32H7xx_HAL_Driver/Src/stm32h7xx_hal_mdma.o
                0x08011fe0                HAL_MDMA_RegisterCallback
 .text.HAL_MDMA_UnRegisterCallback
                0x08012094       0xdc ./Drivers/STM32H7xx_HAL_Driver/Src/stm32h7xx_hal_mdma.o
                0x08012094                HAL_MDMA_UnRegisterCallback
 .text.HAL_MDMA_LinkedList_CreateNode
                0x08012170      0x1b8 ./Drivers/STM32H7xx_HAL_Driver/Src/stm32h7xx_hal_mdma.o
                0x08012170                HAL_MDMA_LinkedList_CreateNode
 .text.HAL_MDMA_LinkedList_AddNode
                0x08012328      0x188 ./Drivers/STM32H7xx_HAL_Driver/Src/stm32h7xx_hal_mdma.o
                0x08012328                HAL_MDMA_LinkedList_AddNode
 .text.HAL_MDMA_LinkedList_RemoveNode
                0x080124b0      0x166 ./Drivers/STM32H7xx_HAL_Driver/Src/stm32h7xx_hal_mdma.o
                0x080124b0                HAL_MDMA_LinkedList_RemoveNode
 .text.HAL_MDMA_LinkedList_EnableCircularMode
                0x08012616       0x86 ./Drivers/STM32H7xx_HAL_Driver/Src/stm32h7xx_hal_mdma.o
                0x08012616                HAL_MDMA_LinkedList_EnableCircularMode
 .text.HAL_MDMA_LinkedList_DisableCircularMode
                0x0801269c       0x84 ./Drivers/STM32H7xx_HAL_Driver/Src/stm32h7xx_hal_mdma.o
                0x0801269c                HAL_MDMA_LinkedList_DisableCircularMode
 .text.HAL_MDMA_Start
                0x08012720       0xaa ./Drivers/STM32H7xx_HAL_Driver/Src/stm32h7xx_hal_mdma.o
                0x08012720                HAL_MDMA_Start
 .text.HAL_MDMA_Start_IT
                0x080127ca      0x102 ./Drivers/STM32H7xx_HAL_Driver/Src/stm32h7xx_hal_mdma.o
                0x080127ca                HAL_MDMA_Start_IT
 .text.HAL_MDMA_Abort
                0x080128cc       0xb6 ./Drivers/STM32H7xx_HAL_Driver/Src/stm32h7xx_hal_mdma.o
                0x080128cc                HAL_MDMA_Abort
 .text.HAL_MDMA_Abort_IT
                0x08012982       0x4e ./Drivers/STM32H7xx_HAL_Driver/Src/stm32h7xx_hal_mdma.o
                0x08012982                HAL_MDMA_Abort_IT
 .text.HAL_MDMA_PollForTransfer
                0x080129d0      0x194 ./Drivers/STM32H7xx_HAL_Driver/Src/stm32h7xx_hal_mdma.o
                0x080129d0                HAL_MDMA_PollForTransfer
 .text.HAL_MDMA_GenerateSWRequest
                0x08012b64       0x74 ./Drivers/STM32H7xx_HAL_Driver/Src/stm32h7xx_hal_mdma.o
                0x08012b64                HAL_MDMA_GenerateSWRequest
 .text.HAL_MDMA_IRQHandler
                0x08012bd8      0x2a8 ./Drivers/STM32H7xx_HAL_Driver/Src/stm32h7xx_hal_mdma.o
                0x08012bd8                HAL_MDMA_IRQHandler
 .text.HAL_MDMA_GetState
                0x08012e80       0x1c ./Drivers/STM32H7xx_HAL_Driver/Src/stm32h7xx_hal_mdma.o
                0x08012e80                HAL_MDMA_GetState
 .text.HAL_MDMA_GetError
                0x08012e9c       0x18 ./Drivers/STM32H7xx_HAL_Driver/Src/stm32h7xx_hal_mdma.o
                0x08012e9c                HAL_MDMA_GetError
 .text.MDMA_SetConfig
                0x08012eb4       0xe0 ./Drivers/STM32H7xx_HAL_Driver/Src/stm32h7xx_hal_mdma.o
 .text.MDMA_Init
                0x08012f94      0x130 ./Drivers/STM32H7xx_HAL_Driver/Src/stm32h7xx_hal_mdma.o
 .text.HAL_PWR_DeInit
                0x080130c4        0xe ./Drivers/STM32H7xx_HAL_Driver/Src/stm32h7xx_hal_pwr.o
                0x080130c4                HAL_PWR_DeInit
 *fill*         0x080130d2        0x2 
 .text.HAL_PWR_EnableBkUpAccess
                0x080130d4       0x20 ./Drivers/STM32H7xx_HAL_Driver/Src/stm32h7xx_hal_pwr.o
                0x080130d4                HAL_PWR_EnableBkUpAccess
 .text.HAL_PWR_DisableBkUpAccess
                0x080130f4       0x20 ./Drivers/STM32H7xx_HAL_Driver/Src/stm32h7xx_hal_pwr.o
                0x080130f4                HAL_PWR_DisableBkUpAccess
 .text.HAL_PWR_ConfigPVD
                0x08013114       0xf4 ./Drivers/STM32H7xx_HAL_Driver/Src/stm32h7xx_hal_pwr.o
                0x08013114                HAL_PWR_ConfigPVD
 .text.HAL_PWR_EnablePVD
                0x08013208       0x20 ./Drivers/STM32H7xx_HAL_Driver/Src/stm32h7xx_hal_pwr.o
                0x08013208                HAL_PWR_EnablePVD
 .text.HAL_PWR_DisablePVD
                0x08013228       0x20 ./Drivers/STM32H7xx_HAL_Driver/Src/stm32h7xx_hal_pwr.o
                0x08013228                HAL_PWR_DisablePVD
 .text.HAL_PWR_EnableWakeUpPin
                0x08013248       0x2c ./Drivers/STM32H7xx_HAL_Driver/Src/stm32h7xx_hal_pwr.o
                0x08013248                HAL_PWR_EnableWakeUpPin
 .text.HAL_PWR_DisableWakeUpPin
                0x08013274       0x2c ./Drivers/STM32H7xx_HAL_Driver/Src/stm32h7xx_hal_pwr.o
                0x08013274                HAL_PWR_DisableWakeUpPin
 .text.HAL_PWR_EnterSLEEPMode
                0x080132a0       0x34 ./Drivers/STM32H7xx_HAL_Driver/Src/stm32h7xx_hal_pwr.o
                0x080132a0                HAL_PWR_EnterSLEEPMode
 .text.HAL_PWR_EnterSTOPMode
                0x080132d4       0x78 ./Drivers/STM32H7xx_HAL_Driver/Src/stm32h7xx_hal_pwr.o
                0x080132d4                HAL_PWR_EnterSTOPMode
 .text.HAL_PWR_EnterSTANDBYMode
                0x0801334c       0x48 ./Drivers/STM32H7xx_HAL_Driver/Src/stm32h7xx_hal_pwr.o
                0x0801334c                HAL_PWR_EnterSTANDBYMode
 .text.HAL_PWR_EnableSleepOnExit
                0x08013394       0x20 ./Drivers/STM32H7xx_HAL_Driver/Src/stm32h7xx_hal_pwr.o
                0x08013394                HAL_PWR_EnableSleepOnExit
 .text.HAL_PWR_DisableSleepOnExit
                0x080133b4       0x20 ./Drivers/STM32H7xx_HAL_Driver/Src/stm32h7xx_hal_pwr.o
                0x080133b4                HAL_PWR_DisableSleepOnExit
 .text.HAL_PWR_EnableSEVOnPend
                0x080133d4       0x20 ./Drivers/STM32H7xx_HAL_Driver/Src/stm32h7xx_hal_pwr.o
                0x080133d4                HAL_PWR_EnableSEVOnPend
 .text.HAL_PWR_DisableSEVOnPend
                0x080133f4       0x20 ./Drivers/STM32H7xx_HAL_Driver/Src/stm32h7xx_hal_pwr.o
                0x080133f4                HAL_PWR_DisableSEVOnPend
 .text.HAL_PWR_PVD_IRQHandler
                0x08013414       0x32 ./Drivers/STM32H7xx_HAL_Driver/Src/stm32h7xx_hal_pwr.o
                0x08013414                HAL_PWR_PVD_IRQHandler
 .text.HAL_PWR_PVDCallback