../Core/Src/quadspi.c:12:6:MX_QUADSPI_Init	8	static
../Core/Src/quadspi.c:38:6:HAL_QSPI_MspInit	248	static
../Core/Src/quadspi.c:104:6:HAL_QSPI_MspDeInit	16	static
../Core/Src/quadspi.c:136:19:QSPI_AutoPollingMemReady	96	static
../Core/Src/quadspi.c:168:19:QSPI_Default_Init	8	static
../Core/Src/quadspi.c:181:19:QSPI_Read_JEDEC_ID	80	static
../Core/Src/quadspi.c:213:19:QSPI_Wait_For_Ready_Autopoll	96	static
../Core/Src/quadspi.c:235:19:QSPI_Read_Status_Reg1	72	static
../Core/Src/quadspi.c:256:19:QSPI_Read_Status_Reg2	72	static
../Core/Src/quadspi.c:278:19:QSPI_Read_Status_Reg3	72	static
../Core/Src/quadspi.c:300:19:QSPI_Enable_Quad_Mode	80	static
../Core/Src/quadspi.c:347:19:QSPI_Software_Reset	80	static
../Core/Src/quadspi.c:370:19:QSPI_WriteEnable	80	static
../Core/Src/quadspi.c:412:19:QSPI_Sector_Erase	80	static
../Core/Src/quadspi.c:455:19:QSPI_Chip_Erase	72	static
../Core/Src/quadspi.c:477:19:QSPI_Write_Data_SPI	80	static
../Core/Src/quadspi.c:505:19:QSPI_Write_String_Quad	88	static
../Core/Src/quadspi.c:535:19:QSPI_Write_Data_Quad	104	static
../Core/Src/quadspi.c:593:19:QSPI_Read_Data_SPI	80	static
../Core/Src/quadspi.c:614:19:QSPI_Fast_Read_Quad_Output	80	static
../Core/Src/quadspi.c:636:19:QSPI_Read_Data_Quad_144	80	static
../Core/Src/quadspi.c:662:19:QSPI_Check_4Byte_Mode	80	static
../Core/Src/quadspi.c:693:19:QSPI_Check_QE	80	static
../Core/Src/quadspi.c:731:19:QSPI_Check_BP	80	static
../Core/Src/quadspi.c:773:19:QSPI_Clear_All_BP	24	static
../Core/Src/quadspi.c:798:19:QSPI_Enter_4Byte_Mode	80	static
../Core/Src/quadspi.c:827:19:QSPI_Exit_4Byte_Mode	80	static
../Core/Src/quadspi.c:856:19:QSPI_Write_Status_Reg1	72	static
../Core/Src/quadspi.c:882:19:QSPI_Write_Status_Reg2	72	static
../Core/Src/quadspi.c:907:19:QSPI_Clear_CMP	80	static
../Core/Src/quadspi.c:936:19:QSPI_Set_Status_Config	24	static
../Core/Src/quadspi.c:953:19:QSPI_DisableMemoryMapped	16	static
../Core/Src/quadspi.c:960:19:QSPI_ReadStatusAll	24	static
../Core/Src/quadspi.c:987:19:QSPI_SelfTest	4144	static
../Core/Src/quadspi.c:1037:19:QSPI_EnableMemoryMapped_1_1_4	80	static
../Core/Src/quadspi.c:1061:19:QSPI_EnableMemoryMapped_1_4_4	80	static
