../Core/Src/quadspi.c:12:6:MX_QUADSPI_Init	8	static
../Core/Src/quadspi.c:38:6:HAL_QSPI_MspInit	248	static
../Core/Src/quadspi.c:104:6:HAL_QSPI_MspDeInit	16	static
../Core/Src/quadspi.c:135:19:QSPI_Read_JEDEC_ID	80	static
../Core/Src/quadspi.c:167:19:QSPI_Wait_For_Ready_Autopoll	96	static
../Core/Src/quadspi.c:189:19:QSPI_Wait_For_Ready_Manual	80	static
../Core/Src/quadspi.c:219:19:QSPI_Read_Status_Reg1	72	static
../Core/Src/quadspi.c:240:19:QSPI_Read_Status_Reg2	72	static
../Core/Src/quadspi.c:262:19:QSPI_Read_Status_Reg3	72	static
../Core/Src/quadspi.c:284:19:QSPI_Enable_Quad_Mode	80	static
../Core/Src/quadspi.c:331:19:QSPI_Software_Reset	80	static
../Core/Src/quadspi.c:354:19:QSPI_WriteEnable	80	static
../Core/Src/quadspi.c:397:19:QSPI_Sector_Erase	72	static
../Core/Src/quadspi.c:422:19:QSPI_Write_Data_SPI	80	static
../Core/Src/quadspi.c:450:19:QSPI_Write_Data_Dual	80	static
../Core/Src/quadspi.c:477:19:QSPI_Write_String_Dual	88	static
../Core/Src/quadspi.c:512:19:QSPI_Write_String_Quad	88	static
../Core/Src/quadspi.c:543:19:QSPI_Read_Data_SPI	80	static
../Core/Src/quadspi.c:564:19:QSPI_Read_Data_Dual	80	static
../Core/Src/quadspi.c:585:19:QSPI_Read_Data_Quad	80	static
../Core/Src/quadspi.c:610:19:QSPI_Read_Data_Quad_144	80	static
../Core/Src/quadspi.c:639:19:QSPI_Check_4Byte_Mode	80	static
../Core/Src/quadspi.c:671:19:QSPI_Check_QE	80	static
../Core/Src/quadspi.c:711:19:QSPI_Check_BP	80	static
../Core/Src/quadspi.c:750:19:QSPI_Enter_4Byte_Mode	80	static
../Core/Src/quadspi.c:779:19:QSPI_Exit_4Byte_Mode	80	static
../Core/Src/quadspi.c:808:19:QSPI_Write_Status_Reg1	72	static
../Core/Src/quadspi.c:834:19:QSPI_Write_Status_Reg2	72	static
../Core/Src/quadspi.c:859:19:QSPI_Clear_CMP	80	static
../Core/Src/quadspi.c:888:19:QSPI_Set_Status_Config	24	static
