../Core/Src/quadspi.c:12:6:MX_QUADSPI_Init	8	static
../Core/Src/quadspi.c:38:6:HAL_QSPI_MspInit	248	static
../Core/Src/quadspi.c:104:6:HAL_QSPI_MspDeInit	16	static
../Core/Src/quadspi.c:135:19:QSPI_Read_JEDEC_ID	80	static
../Core/Src/quadspi.c:167:19:QSPI_Wait_For_Ready_Autopoll	96	static
../Core/Src/quadspi.c:189:19:QSPI_Wait_For_Ready_Manual	80	static
../Core/Src/quadspi.c:219:19:QSPI_Read_Status_Reg1	72	static
../Core/Src/quadspi.c:240:19:QSPI_Read_Status_Reg2	72	static
../Core/Src/quadspi.c:262:19:QSPI_Read_Status_Reg3	72	static
../Core/Src/quadspi.c:284:19:QSPI_Enable_Quad_Mode	80	static
../Core/Src/quadspi.c:331:19:QSPI_Software_Reset	80	static
../Core/Src/quadspi.c:354:19:QSPI_WriteEnable	80	static
../Core/Src/quadspi.c:396:19:QSPI_Sector_Erase	80	static
../Core/Src/quadspi.c:438:19:QSPI_Chip_Erase	72	static
../Core/Src/quadspi.c:460:19:QSPI_Write_Data_SPI	80	static
../Core/Src/quadspi.c:488:19:QSPI_Write_Data_Dual	80	static
../Core/Src/quadspi.c:515:19:QSPI_Write_String_Dual	88	static
../Core/Src/quadspi.c:550:19:QSPI_Write_String_Quad	88	static
../Core/Src/quadspi.c:579:19:QSPI_Write_Data_Quad	104	static
../Core/Src/quadspi.c:640:19:QSPI_Read_Data_SPI	80	static
../Core/Src/quadspi.c:661:19:QSPI_Read_Data_Dual	80	static
../Core/Src/quadspi.c:682:19:QSPI_Fast_Read_Quad_Output	80	static
../Core/Src/quadspi.c:704:19:QSPI_Read_Data_Quad_144	80	static
../Core/Src/quadspi.c:730:19:QSPI_Check_4Byte_Mode	80	static
../Core/Src/quadspi.c:761:19:QSPI_Check_QE	80	static
../Core/Src/quadspi.c:799:19:QSPI_Check_BP	80	static
../Core/Src/quadspi.c:837:19:QSPI_Enter_4Byte_Mode	80	static
../Core/Src/quadspi.c:866:19:QSPI_Exit_4Byte_Mode	80	static
../Core/Src/quadspi.c:895:19:QSPI_Write_Status_Reg1	72	static
../Core/Src/quadspi.c:921:19:QSPI_Write_Status_Reg2	72	static
../Core/Src/quadspi.c:946:19:QSPI_Clear_CMP	80	static
../Core/Src/quadspi.c:975:19:QSPI_Set_Status_Config	24	static
../Core/Src/quadspi.c:990:19:QSPI_DisableMemoryMapped	16	static
../Core/Src/quadspi.c:998:19:QSPI_ReadStatusAll	24	static
../Core/Src/quadspi.c:1025:19:QSPI_SelfTest	552	static
../Core/Src/quadspi.c:1044:19:QSPI_EnableMemoryMapped_1_1_4	80	static
../Core/Src/quadspi.c:1068:19:QSPI_EnableMemoryMapped_1_4_4	80	static
../Core/Src/quadspi.c:1094:19:QSPI_MemoryMapped_SelfTest	296	static
