../Core/Src/quadspi.c:12:6:MX_QUADSPI_Init	8	static
../Core/Src/quadspi.c:38:6:HAL_QSPI_MspInit	248	static
../Core/Src/quadspi.c:104:6:HAL_QSPI_MspDeInit	16	static
../Core/Src/quadspi.c:135:19:QSPI_Default_Init	8	static
../Core/Src/quadspi.c:148:19:QSPI_Read_JEDEC_ID	80	static
../Core/Src/quadspi.c:180:19:QSPI_Wait_For_Ready_Autopoll	96	static
../Core/Src/quadspi.c:202:19:QSPI_Wait_For_Ready_Manual	80	static
../Core/Src/quadspi.c:232:19:QSPI_Read_Status_Reg1	72	static
../Core/Src/quadspi.c:253:19:QSPI_Read_Status_Reg2	72	static
../Core/Src/quadspi.c:275:19:QSPI_Read_Status_Reg3	72	static
../Core/Src/quadspi.c:297:19:QSPI_Enable_Quad_Mode	80	static
../Core/Src/quadspi.c:344:19:QSPI_Software_Reset	80	static
../Core/Src/quadspi.c:367:19:QSPI_WriteEnable	80	static
../Core/Src/quadspi.c:409:19:QSPI_Sector_Erase	80	static
../Core/Src/quadspi.c:453:19:QSPI_Chip_Erase	72	static
../Core/Src/quadspi.c:475:19:QSPI_Write_Data_SPI	80	static
../Core/Src/quadspi.c:503:19:QSPI_Write_Data_Dual	80	static
../Core/Src/quadspi.c:530:19:QSPI_Write_String_Dual	88	static
../Core/Src/quadspi.c:565:19:QSPI_Write_String_Quad	88	static
../Core/Src/quadspi.c:595:19:QSPI_Write_Data_Quad	104	static
../Core/Src/quadspi.c:653:19:QSPI_Read_Data_SPI	80	static
../Core/Src/quadspi.c:674:19:QSPI_Read_Data_Dual	80	static
../Core/Src/quadspi.c:695:19:QSPI_Fast_Read_Quad_Output	80	static
../Core/Src/quadspi.c:717:19:QSPI_Read_Data_Quad_144	80	static
../Core/Src/quadspi.c:743:19:QSPI_Check_4Byte_Mode	80	static
../Core/Src/quadspi.c:774:19:QSPI_Check_QE	80	static
../Core/Src/quadspi.c:812:19:QSPI_Check_BP	80	static
../Core/Src/quadspi.c:850:19:QSPI_Enter_4Byte_Mode	80	static
../Core/Src/quadspi.c:879:19:QSPI_Exit_4Byte_Mode	80	static
../Core/Src/quadspi.c:908:19:QSPI_Write_Status_Reg1	72	static
../Core/Src/quadspi.c:934:19:QSPI_Write_Status_Reg2	72	static
../Core/Src/quadspi.c:959:19:QSPI_Clear_CMP	80	static
../Core/Src/quadspi.c:988:19:QSPI_Set_Status_Config	24	static
../Core/Src/quadspi.c:1003:19:QSPI_DisableMemoryMapped	16	static
../Core/Src/quadspi.c:1011:19:QSPI_ReadStatusAll	24	static
../Core/Src/quadspi.c:1038:19:QSPI_SelfTest	552	static
../Core/Src/quadspi.c:1057:19:QSPI_EnableMemoryMapped_1_1_4	80	static
../Core/Src/quadspi.c:1081:19:QSPI_EnableMemoryMapped_1_4_4	80	static
../Core/Src/quadspi.c:1107:19:QSPI_MemoryMapped_SelfTest	296	static
