../Core/Src/quadspi.c:12:6:MX_QUADSPI_Init	8	static
../Core/Src/quadspi.c:38:6:HAL_QSPI_MspInit	248	static
../Core/Src/quadspi.c:104:6:HAL_QSPI_MspDeInit	16	static
../Core/Src/quadspi.c:136:19:QSPI_AutoPollingMemReady	96	static
../Core/Src/quadspi.c:168:19:QSPI_Default_Init	8	static
../Core/Src/quadspi.c:181:19:QSPI_Read_JEDEC_ID	80	static
../Core/Src/quadspi.c:213:19:QSPI_Wait_For_Ready_Autopoll	96	static
../Core/Src/quadspi.c:235:19:QSPI_Wait_For_Ready_Manual	80	static
../Core/Src/quadspi.c:265:19:QSPI_Read_Status_Reg1	72	static
../Core/Src/quadspi.c:286:19:QSPI_Read_Status_Reg2	72	static
../Core/Src/quadspi.c:308:19:QSPI_Read_Status_Reg3	72	static
../Core/Src/quadspi.c:330:19:QSPI_Enable_Quad_Mode	80	static
../Core/Src/quadspi.c:377:19:QSPI_Software_Reset	80	static
../Core/Src/quadspi.c:400:19:QSPI_WriteEnable	80	static
../Core/Src/quadspi.c:442:19:QSPI_Sector_Erase	80	static
../Core/Src/quadspi.c:485:19:QSPI_Chip_Erase	72	static
../Core/Src/quadspi.c:507:19:QSPI_Write_Data_SPI	80	static
../Core/Src/quadspi.c:535:19:QSPI_Write_Data_Dual	80	static
../Core/Src/quadspi.c:562:19:QSPI_Write_String_Dual	88	static
../Core/Src/quadspi.c:597:19:QSPI_Write_String_Quad	88	static
../Core/Src/quadspi.c:627:19:QSPI_Write_Data_Quad	104	static
../Core/Src/quadspi.c:685:19:QSPI_Read_Data_SPI	80	static
../Core/Src/quadspi.c:706:19:QSPI_Read_Data_Dual	80	static
../Core/Src/quadspi.c:727:19:QSPI_Fast_Read_Quad_Output	80	static
../Core/Src/quadspi.c:749:19:QSPI_Read_Data_Quad_144	80	static
../Core/Src/quadspi.c:775:19:QSPI_Check_4Byte_Mode	80	static
../Core/Src/quadspi.c:806:19:QSPI_Check_QE	80	static
../Core/Src/quadspi.c:844:19:QSPI_Check_BP	80	static
../Core/Src/quadspi.c:886:19:QSPI_Clear_All_BP	24	static
../Core/Src/quadspi.c:911:19:QSPI_Enter_4Byte_Mode	80	static
../Core/Src/quadspi.c:940:19:QSPI_Exit_4Byte_Mode	80	static
../Core/Src/quadspi.c:969:19:QSPI_Write_Status_Reg1	72	static
../Core/Src/quadspi.c:995:19:QSPI_Write_Status_Reg2	72	static
../Core/Src/quadspi.c:1020:19:QSPI_Clear_CMP	80	static
../Core/Src/quadspi.c:1049:19:QSPI_Set_Status_Config	24	static
../Core/Src/quadspi.c:1066:19:QSPI_DisableMemoryMapped	16	static
../Core/Src/quadspi.c:1073:19:QSPI_ReadStatusAll	24	static
../Core/Src/quadspi.c:1100:19:QSPI_SelfTest	552	static
../Core/Src/quadspi.c:1119:19:QSPI_EnableMemoryMapped_1_1_4	80	static
../Core/Src/quadspi.c:1143:19:QSPI_EnableMemoryMapped_1_4_4	80	static
../Core/Src/quadspi.c:1169:19:QSPI_EnableMemoryMapped_1_4_4_edit	80	static
../Core/Src/quadspi.c:1196:19:QSPI_MemoryMapped_SelfTest	296	static
